Component: ARM Compiler 5.06 update 3 (build 300) Tool: armlink [4d35c9]

==============================================================================

Section Cross References

    main.o(i.initRCC) refers to stm32f10x_rcc.o(i.RCC_DeInit) for RCC_DeInit
    main.o(i.initRCC) refers to stm32f10x_rcc.o(i.RCC_HSICmd) for RCC_HSICmd
    main.o(i.initRCC) refers to stm32f10x_rcc.o(i.RCC_HSEConfig) for RCC_HSEConfig
    main.o(i.initRCC) refers to stm32f10x_rcc.o(i.RCC_WaitForHSEStartUp) for RCC_WaitForHSEStartUp
    main.o(i.initRCC) refers to stm32f10x_rcc.o(i.RCC_PLLConfig) for RCC_PLLConfig
    main.o(i.initRCC) refers to stm32f10x_rcc.o(i.RCC_PLLCmd) for RCC_PLLCmd
    main.o(i.initRCC) refers to stm32f10x_rcc.o(i.RCC_SYSCLKConfig) for RCC_SYSCLKConfig
    main.o(i.initRCC) refers to stm32f10x_rcc.o(i.RCC_HCLKConfig) for RCC_HCLKConfig
    main.o(i.initRCC) refers to stm32f10x_rcc.o(i.RCC_PCLK1Config) for RCC_PCLK1Config
    main.o(i.initRCC) refers to stm32f10x_rcc.o(i.RCC_PCLK2Config) for RCC_PCLK2Config
    main.o(i.initRCC) refers to stm32f10x_rcc.o(i.RCC_GetSYSCLKSource) for RCC_GetSYSCLKSource
    main.o(i.main) refers to main.o(i.initRCC) for initRCC
    main.o(i.main) refers to leds_and_buttons.o(i.initGPIO) for initGPIO
    main.o(i.main) refers to misc.o(i.NVIC_PriorityGroupConfig) for NVIC_PriorityGroupConfig
    main.o(i.main) refers to tasks.o(i.xTaskCreate) for xTaskCreate
    main.o(i.main) refers to uart_driver.o(i.USART_init) for USART_init
    main.o(i.main) refers to mqtt_gprs.o(i.InitRTOSStructuresToWorkWithMQTT) for InitRTOSStructuresToWorkWithMQTT
    main.o(i.main) refers to tasks.o(i.vTaskStartScheduler) for vTaskStartScheduler
    main.o(i.main) refers to mqtt_gprs.o(.data) for taskLEDBlinkFrequentlyHandler
    main.o(i.main) refers to leds_and_buttons.o(i.taskLEDBlinkFrequently) for taskLEDBlinkFrequently
    main.o(i.main) refers to mqtt_gprs.o(i.taskUart) for taskUart
    main.o(i.main) refers to mqtt_gprs.o(i.taskInitSIM800) for taskInitSIM800
    mqtt_commands.o(i.MQTT_CONNECT_string) refers to strlen.o(.text) for strlen
    mqtt_commands.o(i.MQTT_CONNECT_string) refers to strcpy.o(.text) for strcpy
    mqtt_commands.o(i.MQTT_PUBLISH_string) refers to strlen.o(.text) for strlen
    mqtt_commands.o(i.MQTT_PUBLISH_string) refers to strcpy.o(.text) for strcpy
    mqtt_commands.o(i.MQTT_SUBSCRIBE_string) refers to strlen.o(.text) for strlen
    mqtt_commands.o(i.MQTT_SUBSCRIBE_string) refers to strcpy.o(.text) for strcpy
    mqtt_gprs.o(i.CreateTasksAndSetMQTTConnection) refers to _printf_percent.o(.ARM.Collect$$_printf_percent$$00000000) for _printf_percent
    mqtt_gprs.o(i.CreateTasksAndSetMQTTConnection) refers to _printf_s.o(.ARM.Collect$$_printf_percent$$00000014) for _printf_s
    mqtt_gprs.o(i.CreateTasksAndSetMQTTConnection) refers to _printf_str.o(.text) for _printf_str
    mqtt_gprs.o(i.CreateTasksAndSetMQTTConnection) refers to noretval__2sprintf.o(.text) for __2sprintf
    mqtt_gprs.o(i.CreateTasksAndSetMQTTConnection) refers to mqtt_gprs.o(i.ExecuteATCommand) for ExecuteATCommand
    mqtt_gprs.o(i.CreateTasksAndSetMQTTConnection) refers to tasks.o(i.vTaskDelay) for vTaskDelay
    mqtt_gprs.o(i.CreateTasksAndSetMQTTConnection) refers to mqtt_commands.o(i.MQTT_CONNECT_string) for MQTT_CONNECT_string
    mqtt_gprs.o(i.CreateTasksAndSetMQTTConnection) refers to mqtt_gprs.o(i.SendMessageByTCP_With_Wait_Acknowledge) for SendMessageByTCP_With_Wait_Acknowledge
    mqtt_gprs.o(i.CreateTasksAndSetMQTTConnection) refers to mqtt_commands.o(i.MQTT_SUBSCRIBE_string) for MQTT_SUBSCRIBE_string
    mqtt_gprs.o(i.CreateTasksAndSetMQTTConnection) refers to tasks.o(i.xTaskCreate) for xTaskCreate
    mqtt_gprs.o(i.CreateTasksAndSetMQTTConnection) refers to tasks.o(i.vTaskDelete) for vTaskDelete
    mqtt_gprs.o(i.CreateTasksAndSetMQTTConnection) refers to stm32f10x_gpio.o(i.GPIO_WriteBit) for GPIO_WriteBit
    mqtt_gprs.o(i.CreateTasksAndSetMQTTConnection) refers to queue.o(i.xQueueGenericSend) for xQueueGenericSend
    mqtt_gprs.o(i.CreateTasksAndSetMQTTConnection) refers to mqtt_gprs.o(.data) for sem_CONNACK_given
    mqtt_gprs.o(i.CreateTasksAndSetMQTTConnection) refers to mqtt_gprs.o(i.taskButtonPressSending) for taskButtonPressSending
    mqtt_gprs.o(i.CreateTasksAndSetMQTTConnection) refers to mqtt_gprs.o(i.taskMQTTMessageProcessing) for taskMQTTMessageProcessing
    mqtt_gprs.o(i.CreateTasksAndSetMQTTConnection) refers to mqtt_gprs.o(i.taskSendPINGREQ) for taskSendPINGREQ
    mqtt_gprs.o(i.CreateTasksAndSetMQTTConnection) refers to leds_and_buttons.o(i.taskLEDBlinkRarely) for taskLEDBlinkRarely
    mqtt_gprs.o(i.ExecuteATCommand) refers to tasks.o(i.vTaskDelay) for vTaskDelay
    mqtt_gprs.o(i.ExecuteATCommand) refers to uart_driver.o(i.SIM800_SendStr) for SIM800_SendStr
    mqtt_gprs.o(i.ExecuteATCommand) refers to queue.o(i.xQueueSemaphoreTake) for xQueueSemaphoreTake
[...]
    ../clib/angel/sysapp.c                   0x00000000   Number         0  sys_command.o ABSOLUTE
    ../clib/armsys.c                         0x00000000   Number         0  no_argv.o ABSOLUTE
    ../clib/armsys.c                         0x00000000   Number         0  _get_argv_nomalloc.o ABSOLUTE
    ../clib/armsys.c                         0x00000000   Number         0  argv_veneer.o ABSOLUTE
    ../clib/armsys.c                         0x00000000   Number         0  argv_veneer.o ABSOLUTE
    ../clib/heapalloc.c                      0x00000000   Number         0  hrguard.o ABSOLUTE
    ../clib/heapaux.c                        0x00000000   Number         0  heapauxi.o ABSOLUTE
    ../clib/libinit.s                        0x00000000   Number         0  libshutdown.o ABSOLUTE
    ../clib/libinit.s                        0x00000000   Number         0  libinit.o ABSOLUTE
    ../clib/libinit.s                        0x00000000   Number         0  libshutdown2.o ABSOLUTE
    ../clib/libinit.s                        0x00000000   Number         0  libinit2.o ABSOLUTE
    ../clib/memcpset.s                       0x00000000   Number         0  rt_memclr_w.o ABSOLUTE
    ../clib/memcpset.s                       0x00000000   Number         0  rt_memcpy_v6.o ABSOLUTE
    ../clib/memcpset.s                       0x00000000   Number         0  rt_memcpy_w.o ABSOLUTE
    ../clib/printf.c                         0x00000000   Number         0  __printf_nopercent.o ABSOLUTE
    ../clib/printf.c                         0x00000000   Number         0  _printf_char.o ABSOLUTE
    ../clib/printf.c                         0x00000000   Number         0  __printf_flags_ss.o ABSOLUTE
    ../clib/printf.c                         0x00000000   Number         0  __2sprintf.o ABSOLUTE
    ../clib/printf.c                         0x00000000   Number         0  noretval__2sprintf.o ABSOLUTE
    ../clib/printf.c                         0x00000000   Number         0  __printf.o ABSOLUTE
    ../clib/printf.c                         0x00000000   Number         0  __printf_flags.o ABSOLUTE
    ../clib/printf.c                         0x00000000   Number         0  __printf_ss.o ABSOLUTE
    ../clib/printf.c                         0x00000000   Number         0  _printf_str.o ABSOLUTE
    ../clib/printf.c                         0x00000000   Number         0  __printf_wp.o ABSOLUTE
    ../clib/printf.c                         0x00000000   Number         0  __printf_flags_wp.o ABSOLUTE
    ../clib/printf.c                         0x00000000   Number         0  __printf_ss_wp.o ABSOLUTE
    ../clib/printf.c                         0x00000000   Number         0  __printf_flags_ss_wp.o ABSOLUTE
    ../clib/printf.c                         0x00000000   Number         0  _printf_char_common.o ABSOLUTE
    ../clib/printf.c                         0x00000000   Number         0  _sputc.o ABSOLUTE
    ../clib/printf_percent.s                 0x00000000   Number         0  _printf_s.o ABSOLUTE
    ../clib/printf_percent.s                 0x00000000   Number         0  _printf_percent.o ABSOLUTE
    ../clib/printf_percent.s                 0x00000000   Number         0  _printf_percent_end.o ABSOLUTE
    ../clib/signal.c                         0x00000000   Number         0  defsig_pvfn_inner.o ABSOLUTE
    ../clib/signal.c                         0x00000000   Number         0  defsig_rtmem_inner.o ABSOLUTE
    ../clib/signal.c                         0x00000000   Number         0  defsig_exit.o ABSOLUTE
    ../clib/signal.c                         0x00000000   Number         0  defsig_rtmem_formal.o ABSOLUTE
    ../clib/signal.c                         0x00000000   Number         0  defsig_segv_inner.o ABSOLUTE
    ../clib/signal.c                         0x00000000   Number         0  defsig_cppl_inner.o ABSOLUTE
    ../clib/signal.c                         0x00000000   Number         0  defsig_fpe_inner.o ABSOLUTE
    ../clib/signal.c                         0x00000000   Number         0  defsig_stak_inner.o ABSOLUTE
    ../clib/signal.c                         0x00000000   Number         0  defsig_rtmem_outer.o ABSOLUTE
    ../clib/signal.c                         0x00000000   Number         0  defsig_other.o ABSOLUTE
    ../clib/signal.c                         0x00000000   Number         0  defsig_rtred_inner.o ABSOLUTE
    ../clib/signal.c                         0x00000000   Number         0  defsig_abrt_inner.o ABSOLUTE
    ../clib/signal.c                         0x00000000   Number         0  defsig_general.o ABSOLUTE
    ../clib/signal.c                         0x00000000   Number         0  __raise.o ABSOLUTE
    ../clib/signal.s                         0x00000000   Number         0  defsig.o ABSOLUTE
    ../clib/stdlib.c                         0x00000000   Number         0  exit.o ABSOLUTE
    ../clib/string.c                         0x00000000   Number         0  strlen.o ABSOLUTE
    ../clib/string.c                         0x00000000   Number         0  strcpy.o ABSOLUTE
    ../clib/string.c                         0x00000000   Number         0  strstr.o ABSOLUTE
    ../fplib/fpinit.s                        0x00000000   Number         0  fpinit.o ABSOLUTE
    C:\Keil_v5\ARM\PACK\Keil\STM32F1xx_DFP\2.1.0\Device\StdPeriph_Driver\src\misc.c 0x00000000   Number         0  misc.o ABSOLUTE
    C:\Keil_v5\ARM\PACK\Keil\STM32F1xx_DFP\2.1.0\Device\StdPeriph_Driver\src\stm32f10x_dma.c 0x00000000   Number         0  stm32f10x_dma.o ABSOLUTE
    C:\Keil_v5\ARM\PACK\Keil\STM32F1xx_DFP\2.1.0\Device\StdPeriph_Driver\src\stm32f10x_gpio.c 0x00000000   Number         0  stm32f10x_gpio.o ABSOLUTE
    C:\Keil_v5\ARM\PACK\Keil\STM32F1xx_DFP\2.1.0\Device\StdPeriph_Driver\src\stm32f10x_rcc.c 0x00000000   Number         0  stm32f10x_rcc.o ABSOLUTE
    C:\Keil_v5\ARM\PACK\Keil\STM32F1xx_DFP\2.1.0\Device\StdPeriph_Driver\src\stm32f10x_usart.c 0x00000000   Number         0  stm32f10x_usart.o ABSOLUTE
    C:\\Keil_v5\\ARM\\PACK\\Keil\\STM32F1xx_DFP\\2.1.0\\Device\\StdPeriph_Driver\\src\\misc.c 0x00000000   Number         0  misc.o ABSOLUTE
    C:\\Keil_v5\\ARM\\PACK\\Keil\\STM32F1xx_DFP\\2.1.0\\Device\\StdPeriph_Driver\\src\\stm32f10x_dma.c 0x00000000   Number         0  stm32f10x_dma.o ABSOLUTE
    C:\\Keil_v5\\ARM\\PACK\\Keil\\STM32F1xx_DFP\\2.1.0\\Device\\StdPeriph_Driver\\src\\stm32f10x_gpio.c 0x00000000   Number         0  stm32f10x_gpio.o ABSOLUTE
    C:\\Keil_v5\\ARM\\PACK\\Keil\\STM32F1xx_DFP\\2.1.0\\Device\\StdPeriph_Driver\\src\\stm32f10x_rcc.c 0x00000000   Number         0  stm32f10x_rcc.o ABSOLUTE
    C:\\Keil_v5\\ARM\\PACK\\Keil\\STM32F1xx_DFP\\2.1.0\\Device\\StdPeriph_Driver\\src\\stm32f10x_usart.c 0x00000000   Number         0  stm32f10x_usart.o ABSOLUTE
    FreeRTOS\\port.c                         0x00000000   Number         0  port.o ABSOLUTE
    FreeRTOS\croutine.c                      0x00000000   Number         0  croutine.o ABSOLUTE
    FreeRTOS\event_groups.c                  0x00000000   Number         0  event_groups.o ABSOLUTE
    FreeRTOS\heap_2.c                        0x00000000   Number         0  heap_2.o ABSOLUTE
    FreeRTOS\list.c                          0x00000000   Number         0  list.o ABSOLUTE
    FreeRTOS\port.c                          0x00000000   Number         0  port.o ABSOLUTE
    FreeRTOS\queue.c                         0x00000000   Number         0  queue.o ABSOLUTE
    FreeRTOS\stream_buffer.c                 0x00000000   Number         0  stream_buffer.o ABSOLUTE
    FreeRTOS\tasks.c                         0x00000000   Number         0  tasks.o ABSOLUTE
    FreeRTOS\timers.c                        0x00000000   Number         0  timers.o ABSOLUTE
    MQTT\LEDs_and_buttons.c                  0x00000000   Number         0  leds_and_buttons.o ABSOLUTE
    MQTT\\LEDs_and_buttons.c                 0x00000000   Number         0  leds_and_buttons.o ABSOLUTE
    MQTT\\main.c                             0x00000000   Number         0  main.o ABSOLUTE
    MQTT\\mqtt_gprs.c                        0x00000000   Number         0  mqtt_gprs.o ABSOLUTE
    MQTT\\uart_driver.c                      0x00000000   Number         0  uart_driver.o ABSOLUTE
    MQTT\main.c                              0x00000000   Number         0  main.o ABSOLUTE
    MQTT\mqtt_commands.c                     0x00000000   Number         0  mqtt_commands.o ABSOLUTE
    MQTT\mqtt_gprs.c                         0x00000000   Number         0  mqtt_gprs.o ABSOLUTE
    MQTT\uart_driver.c                       0x00000000   Number         0  uart_driver.o ABSOLUTE
    RTE\Device\STM32F103C8\startup_stm32f10x_md.s 0x00000000   Number         0  startup_stm32f10x_md.o ABSOLUTE
    RTE\Device\STM32F103C8\system_stm32f10x.c 0x00000000   Number         0  system_stm32f10x.o ABSOLUTE
    RTE\\Device\\STM32F103C8\\system_stm32f10x.c 0x00000000   Number         0  system_stm32f10x.o ABSOLUTE
    dc.s                                     0x00000000   Number         0  dc.o ABSOLUTE
    RESET                                    0x08000000   Section      236  startup_stm32f10x_md.o(RESET)
    !!!main                                  0x080000ec   Section        8  __main.o(!!!main)
    !!!scatter                               0x080000f4   Section       52  __scatter.o(!!!scatter)
    !!handler_copy                           0x08000128   Section       26  __scatter_copy.o(!!handler_copy)
    !!handler_zi                             0x08000144   Section       28  __scatter_zi.o(!!handler_zi)
    .ARM.Collect$$_printf_percent$$00000000  0x08000160   Section        0  _printf_percent.o(.ARM.Collect$$_printf_percent$$00000000)
    .ARM.Collect$$_printf_percent$$00000014  0x08000160   Section        6  _printf_s.o(.ARM.Collect$$_printf_percent$$00000014)
    .ARM.Collect$$_printf_percent$$00000017  0x08000166   Section        4  _printf_percent_end.o(.ARM.Collect$$_printf_percent$$00000017)
    .ARM.Collect$$libinit$$00000000          0x0800016a   Section        2  libinit.o(.ARM.Collect$$libinit$$00000000)
    .ARM.Collect$$libinit$$00000002          0x0800016c   Section        0  libinit2.o(.ARM.Collect$$libinit$$00000002)
    .ARM.Collect$$libinit$$00000004          0x0800016c   Section        0  libinit2.o(.ARM.Collect$$libinit$$00000004)
    .ARM.Collect$$libinit$$0000000A          0x0800016c   Section        0  libinit2.o(.ARM.Collect$$libinit$$0000000A)
    .ARM.Collect$$libinit$$0000000C          0x0800016c   Section        0  libinit2.o(.ARM.Collect$$libinit$$0000000C)
    .ARM.Collect$$libinit$$0000000E          0x0800016c   Section        0  libinit2.o(.ARM.Collect$$libinit$$0000000E)
    .ARM.Collect$$libinit$$00000011          0x0800016c   Section        0  libinit2.o(.ARM.Collect$$libinit$$00000011)
    .ARM.Collect$$libinit$$00000013          0x0800016c   Section        0  libinit2.o(.ARM.Collect$$libinit$$00000013)
    .ARM.Collect$$libinit$$00000015          0x0800016c   Section        0  libinit2.o(.ARM.Collect$$libinit$$00000015)
    .ARM.Collect$$libinit$$00000017          0x0800016c   Section        0  libinit2.o(.ARM.Collect$$libinit$$00000017)
    .ARM.Collect$$libinit$$00000019          0x0800016c   Section        0  libinit2.o(.ARM.Collect$$libinit$$00000019)
    .ARM.Collect$$libinit$$0000001B          0x0800016c   Section        0  libinit2.o(.ARM.Collect$$libinit$$0000001B)
    .ARM.Collect$$libinit$$0000001D          0x0800016c   Section        0  libinit2.o(.ARM.Collect$$libinit$$0000001D)
    .ARM.Collect$$libinit$$0000001F          0x0800016c   Section        0  libinit2.o(.ARM.Collect$$libinit$$0000001F)
    .ARM.Collect$$libinit$$00000021          0x0800016c   Section        0  libinit2.o(.ARM.Collect$$libinit$$00000021)
    .ARM.Collect$$libinit$$00000023          0x0800016c   Section        0  libinit2.o(.ARM.Collect$$libinit$$00000023)
    .ARM.Collect$$libinit$$00000025          0x0800016c   Section        0  libinit2.o(.ARM.Collect$$libinit$$00000025)
    .ARM.Collect$$libinit$$0000002C          0x0800016c   Section        0  libinit2.o(.ARM.Collect$$libinit$$0000002C)
    .ARM.Collect$$libinit$$0000002E          0x0800016c   Section        0  libinit2.o(.ARM.Collect$$libinit$$0000002E)
    .ARM.Collect$$libinit$$00000030          0x0800016c   Section        0  libinit2.o(.ARM.Collect$$libinit$$00000030)
    .ARM.Collect$$libinit$$00000032          0x0800016c   Section        0  libinit2.o(.ARM.Collect$$libinit$$00000032)
    .ARM.Collect$$libinit$$00000033          0x0800016c   Section        2  libinit2.o(.ARM.Collect$$libinit$$00000033)
    .ARM.Collect$$libshutdown$$00000000      0x0800016e   Section        2  libshutdown.o(.ARM.Collect$$libshutdown$$00000000)
    .ARM.Collect$$libshutdown$$00000002      0x08000170   Section        0  libshutdown2.o(.ARM.Collect$$libshutdown$$00000002)
    .ARM.Collect$$libshutdown$$00000004      0x08000170   Section        0  libshutdown2.o(.ARM.Collect$$libshutdown$$00000004)
    .ARM.Collect$$libshutdown$$00000007      0x08000170   Section        0  libshutdown2.o(.ARM.Collect$$libshutdown$$00000007)
    .ARM.Collect$$libshutdown$$0000000A      0x08000170   Section        0  libshutdown2.o(.ARM.Collect$$libshutdown$$0000000A)
    .ARM.Collect$$libshutdown$$0000000C      0x08000170   Section        0  libshutdown2.o(.ARM.Collect$$libshutdown$$0000000C)
    .ARM.Collect$$libshutdown$$0000000F      0x08000170   Section        0  libshutdown2.o(.ARM.Collect$$libshutdown$$0000000F)
    .ARM.Collect$$libshutdown$$00000010      0x08000170   Section        2  libshutdown2.o(.ARM.Collect$$libshutdown$$00000010)
    .ARM.Collect$$rtentry$$00000000          0x08000172   Section        0  __rtentry.o(.ARM.Collect$$rtentry$$00000000)
    .ARM.Collect$$rtentry$$00000002          0x08000172   Section        0  __rtentry2.o(.ARM.Collect$$rtentry$$00000002)
    .ARM.Collect$$rtentry$$00000004          0x08000172   Section        6  __rtentry4.o(.ARM.Collect$$rtentry$$00000004)
    .ARM.Collect$$rtentry$$00000009          0x08000178   Section        0  __rtentry2.o(.ARM.Collect$$rtentry$$00000009)
    .ARM.Collect$$rtentry$$0000000A          0x08000178   Section        4  __rtentry2.o(.ARM.Collect$$rtentry$$0000000A)
    .ARM.Collect$$rtentry$$0000000C          0x0800017c   Section        0  __rtentry2.o(.ARM.Collect$$rtentry$$0000000C)
    .ARM.Collect$$rtentry$$0000000D          0x0800017c   Section        8  __rtentry2.o(.ARM.Collect$$rtentry$$0000000D)
    .ARM.Collect$$rtexit$$00000000           0x08000184   Section        2  rtexit.o(.ARM.Collect$$rtexit$$00000000)
    .ARM.Collect$$rtexit$$00000002           0x08000186   Section        0  rtexit2.o(.ARM.Collect$$rtexit$$00000002)
    .ARM.Collect$$rtexit$$00000003           0x08000186   Section        4  rtexit2.o(.ARM.Collect$$rtexit$$00000003)
    .ARM.Collect$$rtexit$$00000004           0x0800018a   Section        6  rtexit2.o(.ARM.Collect$$rtexit$$00000004)
    .emb_text                                0x08000190   Section      150  port.o(.emb_text)
    .text                                    0x08000228   Section       64  startup_stm32f10x_md.o(.text)
    .text                                    0x08000268   Section        0  noretval__2sprintf.o(.text)
    .text                                    0x08000290   Section        0  __printf.o(.text)
    .text                                    0x080002f8   Section        0  _printf_str.o(.text)
    .text                                    0x0800034a   Section        0  strstr.o(.text)
    .text                                    0x0800036e   Section        0  strcpy.o(.text)
    .text                                    0x080003b6   Section        0  strlen.o(.text)
    .text                                    0x080003f4   Section      138  rt_memcpy_v6.o(.text)
    .text                                    0x0800047e   Section       78  rt_memclr_w.o(.text)
    .text                                    0x080004cc   Section        0  heapauxi.o(.text)
    .text                                    0x080004d4   Section        0  _printf_char_common.o(.text)
    _printf_input_char                       0x080004d5   Thumb Code    10  _printf_char_common.o(.text)
    .text                                    0x08000504   Section        0  _sputc.o(.text)
    .text                                    0x0800050e   Section        0  _printf_char.o(.text)
    .text                                    0x0800053a   Section      100  rt_memcpy_w.o(.text)
    .text                                    0x0800059e   Section       74  sys_stackheap_outer.o(.text)
    .text                                    0x080005e8   Section        0  exit.o(.text)
    .text                                    0x080005fc   Section        8  libspace.o(.text)
    .text                                    0x08000604   Section        0  sys_exit.o(.text)
    .text                                    0x08000610   Section        2  use_no_semi.o(.text)
    .text                                    0x08000612   Section        0  indicate_semi.o(.text)
    i.CreateTasksAndSetMQTTConnection        0x08000614   Section        0  mqtt_gprs.o(i.CreateTasksAndSetMQTTConnection)
    i.DMA_ClearFlag                          0x0800084c   Section        0  stm32f10x_dma.o(i.DMA_ClearFlag)
    i.DMA_Cmd                                0x08000868   Section        0  stm32f10x_dma.o(i.DMA_Cmd)
    i.DMA_DeInit                             0x08000880   Section        0  stm32f10x_dma.o(i.DMA_DeInit)
    i.DMA_GetFlagStatus                      0x080009cc   Section        0  stm32f10x_dma.o(i.DMA_GetFlagStatus)
    i.DMA_Init                               0x080009f8   Section        0  stm32f10x_dma.o(i.DMA_Init)
    i.ExecuteATCommand                       0x08000a34   Section        0  mqtt_gprs.o(i.ExecuteATCommand)
    i.GPIO_Init                              0x08000ac8   Section        0  stm32f10x_gpio.o(i.GPIO_Init)
    i.GPIO_ReadInputDataBit                  0x08000bde   Section        0  stm32f10x_gpio.o(i.GPIO_ReadInputDataBit)
    i.GPIO_WriteBit                          0x08000bf0   Section        0  stm32f10x_gpio.o(i.GPIO_WriteBit)
    i.InitRTOSStructuresToWorkWithMQTT       0x08000bfc   Section        0  mqtt_gprs.o(i.InitRTOSStructuresToWorkWithMQTT)
    i.MQTT_CONNECT_string                    0x08000cd0   Section        0  mqtt_commands.o(i.MQTT_CONNECT_string)
    i.MQTT_PINGREQ_string                    0x08000d34   Section        0  mqtt_commands.o(i.MQTT_PINGREQ_string)
    i.MQTT_PUBLISH_string                    0x08000d46   Section        0  mqtt_commands.o(i.MQTT_PUBLISH_string)
    i.MQTT_SUBSCRIBE_string                  0x08000d94   Section        0  mqtt_commands.o(i.MQTT_SUBSCRIBE_string)
    i.NVIC_Init                              0x08000dd8   Section        0  misc.o(i.NVIC_Init)
    i.NVIC_PriorityGroupConfig               0x08000e48   Section        0  misc.o(i.NVIC_PriorityGroupConfig)
    i.RCC_AHBPeriphClockCmd                  0x08000e5c   Section        0  stm32f10x_rcc.o(i.RCC_AHBPeriphClockCmd)
    i.RCC_APB1PeriphClockCmd                 0x08000e7c   Section        0  stm32f10x_rcc.o(i.RCC_APB1PeriphClockCmd)
    i.RCC_APB2PeriphClockCmd                 0x08000e9c   Section        0  stm32f10x_rcc.o(i.RCC_APB2PeriphClockCmd)
    i.RCC_DeInit                             0x08000ebc   Section        0  stm32f10x_rcc.o(i.RCC_DeInit)
    i.RCC_GetClocksFreq                      0x08000f08   Section        0  stm32f10x_rcc.o(i.RCC_GetClocksFreq)
    i.RCC_GetFlagStatus                      0x08000fdc   Section        0  stm32f10x_rcc.o(i.RCC_GetFlagStatus)
    i.RCC_GetSYSCLKSource                    0x08001018   Section        0  stm32f10x_rcc.o(i.RCC_GetSYSCLKSource)
    i.RCC_HCLKConfig                         0x08001028   Section        0  stm32f10x_rcc.o(i.RCC_HCLKConfig)
    i.RCC_HSEConfig                          0x08001040   Section        0  stm32f10x_rcc.o(i.RCC_HSEConfig)
    i.RCC_HSICmd                             0x0800108c   Section        0  stm32f10x_rcc.o(i.RCC_HSICmd)
    i.RCC_PCLK1Config                        0x08001098   Section        0  stm32f10x_rcc.o(i.RCC_PCLK1Config)
    i.RCC_PCLK2Config                        0x080010b0   Section        0  stm32f10x_rcc.o(i.RCC_PCLK2Config)
    i.RCC_PLLCmd                             0x080010c8   Section        0  stm32f10x_rcc.o(i.RCC_PLLCmd)
    i.RCC_PLLConfig                          0x080010d4   Section        0  stm32f10x_rcc.o(i.RCC_PLLConfig)
    i.RCC_SYSCLKConfig                       0x080010f0   Section        0  stm32f10x_rcc.o(i.RCC_SYSCLKConfig)
    i.RCC_WaitForHSEStartUp                  0x08001108   Section        0  stm32f10x_rcc.o(i.RCC_WaitForHSEStartUp)
    i.ResetGreenLED                          0x08001140   Section        0  leds_and_buttons.o(i.ResetGreenLED)
    i.ResetOrangeLED                         0x08001154   Section        0  leds_and_buttons.o(i.ResetOrangeLED)
    i.ResetRedLED                            0x08001168   Section        0  leds_and_buttons.o(i.ResetRedLED)
    i.SIM800_SendStr                         0x0800117c   Section        0  uart_driver.o(i.SIM800_SendStr)
    i.SIM800_SendStrWithLen                  0x08001194   Section        0  uart_driver.o(i.SIM800_SendStrWithLen)
    i.SendMessageByTCP                       0x08001200   Section        0  mqtt_gprs.o(i.SendMessageByTCP)
    i.SendMessageByTCP_With_Wait_Acknowledge 0x08001314   Section        0  mqtt_gprs.o(i.SendMessageByTCP_With_Wait_Acknowledge)
    i.SetGreenLED                            0x08001474   Section        0  leds_and_buttons.o(i.SetGreenLED)
    i.SetOrangeLED                           0x08001488   Section        0  leds_and_buttons.o(i.SetOrangeLED)
    i.SetRedLED                              0x0800149c   Section        0  leds_and_buttons.o(i.SetRedLED)
    i.SetSysClock                            0x080014b0   Section        0  system_stm32f10x.o(i.SetSysClock)
    SetSysClock                              0x080014b1   Thumb Code     8  system_stm32f10x.o(i.SetSysClock)
    i.SetSysClockTo72                        0x080014b8   Section        0  system_stm32f10x.o(i.SetSysClockTo72)
    SetSysClockTo72                          0x080014b9   Thumb Code   214  system_stm32f10x.o(i.SetSysClockTo72)
    i.SysTick_Handler                        0x08001598   Section        0  port.o(i.SysTick_Handler)
    i.SystemInit                             0x080015cc   Section        0  system_stm32f10x.o(i.SystemInit)
    i.USART1_IRQHandler                      0x0800162c   Section        0  uart_driver.o(i.USART1_IRQHandler)
    i.USART_ClearITPendingBit                0x08001684   Section        0  stm32f10x_usart.o(i.USART_ClearITPendingBit)
    i.USART_Cmd                              0x080016a2   Section        0  stm32f10x_usart.o(i.USART_Cmd)
    i.USART_DMACmd                           0x080016ba   Section        0  stm32f10x_usart.o(i.USART_DMACmd)
    i.USART_GetFlagStatus                    0x080016cc   Section        0  stm32f10x_usart.o(i.USART_GetFlagStatus)
    i.USART_GetITStatus                      0x080016e6   Section        0  stm32f10x_usart.o(i.USART_GetITStatus)
    i.USART_ITConfig                         0x0800173a   Section        0  stm32f10x_usart.o(i.USART_ITConfig)
    i.USART_Init                             0x08001784   Section        0  stm32f10x_usart.o(i.USART_Init)
    i.USART_ReceiveData                      0x0800185c   Section        0  stm32f10x_usart.o(i.USART_ReceiveData)
    i.USART_SendData                         0x08001866   Section        0  stm32f10x_usart.o(i.USART_SendData)
    i.USART_init                             0x08001870   Section        0  uart_driver.o(i.USART_init)
    i.USB_UART_SendStrWithLen                0x08001a04   Section        0  uart_driver.o(i.USB_UART_SendStrWithLen)
    i.initGPIO                               0x08001a74   Section        0  leds_and_buttons.o(i.initGPIO)
    i.initRCC                                0x08001aec   Section        0  main.o(i.initRCC)
    i.main                                   0x08001b48   Section        0  main.o(i.main)
    i.prvAddCurrentTaskToDelayedList         0x08001bf4   Section        0  tasks.o(i.prvAddCurrentTaskToDelayedList)
    prvAddCurrentTaskToDelayedList           0x08001bf5   Thumb Code   124  tasks.o(i.prvAddCurrentTaskToDelayedList)
    i.prvAddNewTaskToReadyList               0x08001c8c   Section        0  tasks.o(i.prvAddNewTaskToReadyList)
    prvAddNewTaskToReadyList                 0x08001c8d   Thumb Code   150  tasks.o(i.prvAddNewTaskToReadyList)
    i.prvCheckTasksWaitingTermination        0x08001d40   Section        0  tasks.o(i.prvCheckTasksWaitingTermination)
    prvCheckTasksWaitingTermination          0x08001d41   Thumb Code    60  tasks.o(i.prvCheckTasksWaitingTermination)
    i.prvCopyDataFromQueue                   0x08001d88   Section        0  queue.o(i.prvCopyDataFromQueue)
    prvCopyDataFromQueue                     0x08001d89   Thumb Code    42  queue.o(i.prvCopyDataFromQueue)
    i.prvCopyDataToQueue                     0x08001db2   Section        0  queue.o(i.prvCopyDataToQueue)
    prvCopyDataToQueue                       0x08001db3   Thumb Code   106  queue.o(i.prvCopyDataToQueue)
    i.prvDeleteTCB                           0x08001e1c   Section        0  tasks.o(i.prvDeleteTCB)
    prvDeleteTCB                             0x08001e1d   Thumb Code    18  tasks.o(i.prvDeleteTCB)
    i.prvHeapInit                            0x08001e30   Section        0  heap_2.o(i.prvHeapInit)
    prvHeapInit                              0x08001e31   Thumb Code    42  heap_2.o(i.prvHeapInit)
    i.prvIdleTask                            0x08001e68   Section        0  tasks.o(i.prvIdleTask)
    prvIdleTask                              0x08001e69   Thumb Code    32  tasks.o(i.prvIdleTask)
    i.prvInitialiseNewQueue                  0x08001e90   Section        0  queue.o(i.prvInitialiseNewQueue)
    prvInitialiseNewQueue                    0x08001e91   Thumb Code    38  queue.o(i.prvInitialiseNewQueue)
    i.prvInitialiseNewTask                   0x08001eb6   Section        0  tasks.o(i.prvInitialiseNewTask)
    prvInitialiseNewTask                     0x08001eb7   Thumb Code   138  tasks.o(i.prvInitialiseNewTask)
    i.prvInitialiseTaskLists                 0x08001f40   Section        0  tasks.o(i.prvInitialiseTaskLists)
    prvInitialiseTaskLists                   0x08001f41   Thumb Code    70  tasks.o(i.prvInitialiseTaskLists)
    i.prvIsQueueEmpty                        0x08001fa8   Section        0  queue.o(i.prvIsQueueEmpty)
    prvIsQueueEmpty                          0x08001fa9   Thumb Code    26  queue.o(i.prvIsQueueEmpty)
    i.prvIsQueueFull                         0x08001fc2   Section        0  queue.o(i.prvIsQueueFull)
    prvIsQueueFull                           0x08001fc3   Thumb Code    30  queue.o(i.prvIsQueueFull)
    i.prvResetNextTaskUnblockTime            0x08001fe0   Section        0  tasks.o(i.prvResetNextTaskUnblockTime)
    prvResetNextTaskUnblockTime              0x08001fe1   Thumb Code    42  tasks.o(i.prvResetNextTaskUnblockTime)
    i.prvTaskExitError                       0x08002014   Section        0  port.o(i.prvTaskExitError)
    prvTaskExitError                         0x08002015   Thumb Code    22  port.o(i.prvTaskExitError)
    i.prvUnlockQueue                         0x0800202a   Section        0  queue.o(i.prvUnlockQueue)
    prvUnlockQueue                           0x0800202b   Thumb Code   126  queue.o(i.prvUnlockQueue)
    i.pvPortMalloc                           0x080020a8   Section        0  heap_2.o(i.pvPortMalloc)
    i.pxPortInitialiseStack                  0x08002160   Section        0  port.o(i.pxPortInitialiseStack)
    i.taskButtonPressSending                 0x08002184   Section        0  mqtt_gprs.o(i.taskButtonPressSending)
    i.taskInitSIM800                         0x080021f0   Section        0  mqtt_gprs.o(i.taskInitSIM800)
    i.taskLEDBlinkFrequently                 0x080024e8   Section        0  leds_and_buttons.o(i.taskLEDBlinkFrequently)
    i.taskLEDBlinkRarely                     0x08002504   Section        0  leds_and_buttons.o(i.taskLEDBlinkRarely)
    i.taskMQTTMessageProcessing              0x08002520   Section        0  mqtt_gprs.o(i.taskMQTTMessageProcessing)
    i.taskMessageFromSIM800Take              0x080025bc   Section        0  mqtt_gprs.o(i.taskMessageFromSIM800Take)
    i.taskSendPINGREQ                        0x08002810   Section        0  mqtt_gprs.o(i.taskSendPINGREQ)
    i.taskUart                               0x080028f0   Section        0  mqtt_gprs.o(i.taskUart)
    i.uxListRemove                           0x08002938   Section        0  list.o(i.uxListRemove)
    i.vListInitialise                        0x08002960   Section        0  list.o(i.vListInitialise)
    i.vListInitialiseItem                    0x0800297a   Section        0  list.o(i.vListInitialiseItem)
    i.vListInsert                            0x08002980   Section        0  list.o(i.vListInsert)
    i.vListInsertEnd                         0x080029b4   Section        0  list.o(i.vListInsertEnd)
    i.vPortEnterCritical                     0x080029cc   Section        0  port.o(i.vPortEnterCritical)
    i.vPortExitCritical                      0x080029f0   Section        0  port.o(i.vPortExitCritical)
    i.vPortFree                              0x08002a10   Section        0  heap_2.o(i.vPortFree)
    i.vPortSetupTimerInterrupt               0x08002a50   Section        0  port.o(i.vPortSetupTimerInterrupt)
    i.vTaskDelay                             0x08002a68   Section        0  tasks.o(i.vTaskDelay)
    i.vTaskDelete                            0x08002a9c   Section        0  tasks.o(i.vTaskDelete)
    i.vTaskInternalSetTimeOutState           0x08002b68   Section        0  tasks.o(i.vTaskInternalSetTimeOutState)
    i.vTaskMissedYield                       0x08002b80   Section        0  tasks.o(i.vTaskMissedYield)
    i.vTaskPlaceOnEventList                  0x08002b8c   Section        0  tasks.o(i.vTaskPlaceOnEventList)
    i.vTaskStartScheduler                    0x08002bac   Section        0  tasks.o(i.vTaskStartScheduler)
    i.vTaskSuspendAll                        0x08002c10   Section        0  tasks.o(i.vTaskSuspendAll)
    i.vTaskSwitchContext                     0x08002c20   Section        0  tasks.o(i.vTaskSwitchContext)
    i.xPortStartScheduler                    0x08002c80   Section        0  port.o(i.xPortStartScheduler)
    i.xQueueGenericCreate                    0x08002cb4   Section        0  queue.o(i.xQueueGenericCreate)
    i.xQueueGenericReset                     0x08002cf0   Section        0  queue.o(i.xQueueGenericReset)
    i.xQueueGenericSend                      0x08002d70   Section        0  queue.o(i.xQueueGenericSend)
    i.xQueueGenericSendFromISR               0x08002e88   Section        0  queue.o(i.xQueueGenericSendFromISR)
    i.xQueueReceive                          0x08002f10   Section        0  queue.o(i.xQueueReceive)
    i.xQueueSemaphoreTake                    0x08003014   Section        0  queue.o(i.xQueueSemaphoreTake)
    i.xTaskCheckForTimeOut                   0x08003104   Section        0  tasks.o(i.xTaskCheckForTimeOut)
    i.xTaskCreate                            0x08003160   Section        0  tasks.o(i.xTaskCreate)
    i.xTaskIncrementTick                     0x080031c0   Section        0  tasks.o(i.xTaskIncrementTick)
    i.xTaskRemoveFromEventList               0x080032dc   Section        0  tasks.o(i.xTaskRemoveFromEventList)
    i.xTaskResumeAll                         0x0800335c   Section        0  tasks.o(i.xTaskResumeAll)
    .data                                    0x20000000   Section       72  mqtt_gprs.o(.data)
    sem_null_terminal_string_given           0x20000004   Data           4  mqtt_gprs.o(.data)
    sem_invitation_to_enter_TCP_string_given 0x20000008   Data           4  mqtt_gprs.o(.data)
    sem_MQTT_message_given                   0x2000000c   Data           4  mqtt_gprs.o(.data)
    sem_PINGRESP_given                       0x20000010   Data           4  mqtt_gprs.o(.data)
    mutex_MQTT                               0x20000014   Data           4  mqtt_gprs.o(.data)
    sem_CONNACK_given                        0x20000018   Data           4  mqtt_gprs.o(.data)
    sem_SUBACK_given                         0x2000001c   Data           4  mqtt_gprs.o(.data)
    mutex_AcknowledgeFlag                    0x20000024   Data           4  mqtt_gprs.o(.data)
    .data                                    0x20000048   Section        4  uart_driver.o(.data)
    .data                                    0x2000004c   Section        4  port.o(.data)
    uxCriticalNesting                        0x2000004c   Data           4  port.o(.data)
    .data                                    0x20000050   Section       60  tasks.o(.data)
    pxDelayedTaskList                        0x20000054   Data           4  tasks.o(.data)
    pxOverflowDelayedTaskList                0x20000058   Data           4  tasks.o(.data)
    uxDeletedTasksWaitingCleanUp             0x2000005c   Data           4  tasks.o(.data)
    uxCurrentNumberOfTasks                   0x20000060   Data           4  tasks.o(.data)
    xTickCount                               0x20000064   Data           4  tasks.o(.data)
    uxTopReadyPriority                       0x20000068   Data           4  tasks.o(.data)
    xSchedulerRunning                        0x2000006c   Data           4  tasks.o(.data)
    uxPendedTicks                            0x20000070   Data           4  tasks.o(.data)
    xYieldPending                            0x20000074   Data           4  tasks.o(.data)
    xNumOfOverflows                          0x20000078   Data           4  tasks.o(.data)
    uxTaskNumber                             0x2000007c   Data           4  tasks.o(.data)
    xNextTaskUnblockTime                     0x20000080   Data           4  tasks.o(.data)
    xIdleTaskHandle                          0x20000084   Data           4  tasks.o(.data)
    uxSchedulerSuspended                     0x20000088   Data           4  tasks.o(.data)
    .data                                    0x2000008c   Section       24  heap_2.o(.data)
    xStart                                   0x2000008c   Data           8  heap_2.o(.data)
    xEnd                                     0x20000094   Data           8  heap_2.o(.data)
    xFreeBytesRemaining                      0x2000009c   Data           4  heap_2.o(.data)
    xHeapHasBeenInitialised                  0x200000a0   Data           4  heap_2.o(.data)
    .data                                    0x200000a4   Section       20  stm32f10x_rcc.o(.data)
    APBAHBPrescTable                         0x200000a4   Data          16  stm32f10x_rcc.o(.data)
    ADCPrescTable                            0x200000b4   Data           4  stm32f10x_rcc.o(.data)
    .bss                                     0x200000b8   Section      128  mqtt_gprs.o(.bss)
    .bss                                     0x20000138   Section      200  tasks.o(.bss)
    pxReadyTasksLists                        0x20000138   Data         100  tasks.o(.bss)
    xDelayedTaskList1                        0x2000019c   Data          20  tasks.o(.bss)
    xDelayedTaskList2                        0x200001b0   Data          20  tasks.o(.bss)
    xPendingReadyList                        0x200001c4   Data          20  tasks.o(.bss)
    xTasksWaitingTermination                 0x200001d8   Data          20  tasks.o(.bss)
    xSuspendedTaskList                       0x200001ec   Data          20  tasks.o(.bss)
    .bss                                     0x20000200   Section    17408  heap_2.o(.bss)
    ucHeap                                   0x20000200   Data       17408  heap_2.o(.bss)
    .bss                                     0x20004600   Section       96  libspace.o(.bss)
    HEAP                                     0x20004660   Section      512  startup_stm32f10x_md.o(HEAP)
    Heap_Mem                                 0x20004660   Data         512  startup_stm32f10x_md.o(HEAP)
    STACK                                    0x20004860   Section     1024  startup_stm32f10x_md.o(STACK)
    Stack_Mem                                0x20004860   Data        1024  startup_stm32f10x_md.o(STACK)
    __initial_sp                             0x20004c60   Data           0  startup_stm32f10x_md.o(STACK)

    Global Symbols

    Symbol Name                              Value     Ov Type        Size  Object(Section)

    BuildAttributes$$THM_ISAv4$P$D$K$B$S$PE$A:L22UL41UL21$X:L11$S22US41US21$IEEE1$IW$USESV6$~STKCKD$USESV7$~SHL$OSPACE$ROPI$EBA8$UX$STANDARDLIB$REQ8$PRES8$EABIv2 0x00000000   Number         0  anon$$obj.o ABSOLUTE
    __ARM_use_no_argv                        0x00000000   Number         0  main.o ABSOLUTE
    __ARM_exceptions_init                     - Undefined Weak Reference
    __alloca_initialize                       - Undefined Weak Reference
    __arm_preinit_                            - Undefined Weak Reference
    __cpp_initialize__aeabi_                  - Undefined Weak Reference
    __cxa_finalize                            - Undefined Weak Reference
    __rt_locale                               - Undefined Weak Reference
    __sigvec_lookup                           - Undefined Weak Reference
    _atexit_init                              - Undefined Weak Reference
    _call_atexit_fns                          - Undefined Weak Reference
    _clock_init                               - Undefined Weak Reference
    _fp_trap_init                             - Undefined Weak Reference
    _fp_trap_shutdown                         - Undefined Weak Reference
    _get_lc_collate                           - Undefined Weak Reference
    _get_lc_ctype                             - Undefined Weak Reference
    _get_lc_monetary                          - Undefined Weak Reference
    _get_lc_numeric                           - Undefined Weak Reference
    _get_lc_time                              - Undefined Weak Reference
    _getenv_init                              - Undefined Weak Reference
    _handle_redirection                       - Undefined Weak Reference
    _init_alloc                               - Undefined Weak Reference
    _init_user_alloc                          - Undefined Weak Reference
    _initio                                   - Undefined Weak Reference
    _printf_mbtowc                            - Undefined Weak Reference
    _printf_post_padding                      - Undefined Weak Reference
    _printf_pre_padding                       - Undefined Weak Reference
    _rand_init                                - Undefined Weak Reference
    _signal_finish                            - Undefined Weak Reference
    _signal_init                              - Undefined Weak Reference
    _terminate_alloc                          - Undefined Weak Reference
    _terminate_user_alloc                     - Undefined Weak Reference
    _terminateio                              - Undefined Weak Reference
    __Vectors_Size                           0x000000ec   Number         0  startup_stm32f10x_md.o ABSOLUTE
    __Vectors                                0x08000000   Data           4  startup_stm32f10x_md.o(RESET)
    __Vectors_End                            0x080000ec   Data           0  startup_stm32f10x_md.o(RESET)
    __main                                   0x080000ed   Thumb Code     8  __main.o(!!!main)
    __scatterload                            0x080000f5   Thumb Code     0  __scatter.o(!!!scatter)
    __scatterload_rt2                        0x080000f5   Thumb Code    44  __scatter.o(!!!scatter)
    __scatterload_rt2_thumb_only             0x080000f5   Thumb Code     0  __scatter.o(!!!scatter)
    __scatterload_null                       0x08000103   Thumb Code     0  __scatter.o(!!!scatter)
    __scatterload_copy                       0x08000129   Thumb Code    26  __scatter_copy.o(!!handler_copy)
    __scatterload_zeroinit                   0x08000145   Thumb Code    28  __scatter_zi.o(!!handler_zi)
    _printf_percent                          0x08000161   Thumb Code     0  _printf_percent.o(.ARM.Collect$$_printf_percent$$00000000)
    _printf_s                                0x08000161   Thumb Code     0  _printf_s.o(.ARM.Collect$$_printf_percent$$00000014)
    _printf_percent_end                      0x08000167   Thumb Code     0  _printf_percent_end.o(.ARM.Collect$$_printf_percent$$00000017)
    __rt_lib_init                            0x0800016b   Thumb Code     0  libinit.o(.ARM.Collect$$libinit$$00000000)
    __rt_lib_init_alloca_1                   0x0800016d   Thumb Code     0  libinit2.o(.ARM.Collect$$libinit$$0000002E)
    __rt_lib_init_argv_1                     0x0800016d   Thumb Code     0  libinit2.o(.ARM.Collect$$libinit$$0000002C)
    __rt_lib_init_atexit_1                   0x0800016d   Thumb Code     0  libinit2.o(.ARM.Collect$$libinit$$0000001B)
    __rt_lib_init_clock_1                    0x0800016d   Thumb Code     0  libinit2.o(.ARM.Collect$$libinit$$00000021)
    __rt_lib_init_cpp_1                      0x0800016d   Thumb Code     0  libinit2.o(.ARM.Collect$$libinit$$00000032)
    __rt_lib_init_exceptions_1               0x0800016d   Thumb Code     0  libinit2.o(.ARM.Collect$$libinit$$00000030)
    __rt_lib_init_fp_1                       0x0800016d   Thumb Code     0  libinit2.o(.ARM.Collect$$libinit$$00000002)
    __rt_lib_init_fp_trap_1                  0x0800016d   Thumb Code     0  libinit2.o(.ARM.Collect$$libinit$$0000001F)
    __rt_lib_init_getenv_1                   0x0800016d   Thumb Code     0  libinit2.o(.ARM.Collect$$libinit$$00000023)
    __rt_lib_init_heap_1                     0x0800016d   Thumb Code     0  libinit2.o(.ARM.Collect$$libinit$$0000000A)
    __rt_lib_init_lc_collate_1               0x0800016d   Thumb Code     0  libinit2.o(.ARM.Collect$$libinit$$00000011)
    __rt_lib_init_lc_ctype_1                 0x0800016d   Thumb Code     0  libinit2.o(.ARM.Collect$$libinit$$00000013)
    __rt_lib_init_lc_monetary_1              0x0800016d   Thumb Code     0  libinit2.o(.ARM.Collect$$libinit$$00000015)
    __rt_lib_init_lc_numeric_1               0x0800016d   Thumb Code     0  libinit2.o(.ARM.Collect$$libinit$$00000017)
    __rt_lib_init_lc_time_1                  0x0800016d   Thumb Code     0  libinit2.o(.ARM.Collect$$libinit$$00000019)
    __rt_lib_init_preinit_1                  0x0800016d   Thumb Code     0  libinit2.o(.ARM.Collect$$libinit$$00000004)
    __rt_lib_init_rand_1                     0x0800016d   Thumb Code     0  libinit2.o(.ARM.Collect$$libinit$$0000000E)
    __rt_lib_init_return                     0x0800016d   Thumb Code     0  libinit2.o(.ARM.Collect$$libinit$$00000033)
    __rt_lib_init_signal_1                   0x0800016d   Thumb Code     0  libinit2.o(.ARM.Collect$$libinit$$0000001D)
    __rt_lib_init_stdio_1                    0x0800016d   Thumb Code     0  libinit2.o(.ARM.Collect$$libinit$$00000025)
    __rt_lib_init_user_alloc_1               0x0800016d   Thumb Code     0  libinit2.o(.ARM.Collect$$libinit$$0000000C)
    __rt_lib_shutdown                        0x0800016f   Thumb Code     0  libshutdown.o(.ARM.Collect$$libshutdown$$00000000)
    __rt_lib_shutdown_cpp_1                  0x08000171   Thumb Code     0  libshutdown2.o(.ARM.Collect$$libshutdown$$00000002)
    __rt_lib_shutdown_fp_trap_1              0x08000171   Thumb Code     0  libshutdown2.o(.ARM.Collect$$libshutdown$$00000007)
    __rt_lib_shutdown_heap_1                 0x08000171   Thumb Code     0  libshutdown2.o(.ARM.Collect$$libshutdown$$0000000F)
    __rt_lib_shutdown_return                 0x08000171   Thumb Code     0  libshutdown2.o(.ARM.Collect$$libshutdown$$00000010)
    __rt_lib_shutdown_signal_1               0x08000171   Thumb Code     0  libshutdown2.o(.ARM.Collect$$libshutdown$$0000000A)
    __rt_lib_shutdown_stdio_1                0x08000171   Thumb Code     0  libshutdown2.o(.ARM.Collect$$libshutdown$$00000004)
    __rt_lib_shutdown_user_alloc_1           0x08000171   Thumb Code     0  libshutdown2.o(.ARM.Collect$$libshutdown$$0000000C)
    __rt_entry                               0x08000173   Thumb Code     0  __rtentry.o(.ARM.Collect$$rtentry$$00000000)
    __rt_entry_presh_1                       0x08000173   Thumb Code     0  __rtentry2.o(.ARM.Collect$$rtentry$$00000002)
    __rt_entry_sh                            0x08000173   Thumb Code     0  __rtentry4.o(.ARM.Collect$$rtentry$$00000004)
    __rt_entry_li                            0x08000179   Thumb Code     0  __rtentry2.o(.ARM.Collect$$rtentry$$0000000A)
    __rt_entry_postsh_1                      0x08000179   Thumb Code     0  __rtentry2.o(.ARM.Collect$$rtentry$$00000009)
    __rt_entry_main                          0x0800017d   Thumb Code     0  __rtentry2.o(.ARM.Collect$$rtentry$$0000000D)
    __rt_entry_postli_1                      0x0800017d   Thumb Code     0  __rtentry2.o(.ARM.Collect$$rtentry$$0000000C)
    __rt_exit                                0x08000185   Thumb Code     0  rtexit.o(.ARM.Collect$$rtexit$$00000000)
    __rt_exit_ls                             0x08000187   Thumb Code     0  rtexit2.o(.ARM.Collect$$rtexit$$00000003)
    __rt_exit_prels_1                        0x08000187   Thumb Code     0  rtexit2.o(.ARM.Collect$$rtexit$$00000002)
    __rt_exit_exit                           0x0800018b   Thumb Code     0  rtexit2.o(.ARM.Collect$$rtexit$$00000004)
    SVC_Handler                              0x08000191   Thumb Code    32  port.o(.emb_text)
    __asm___6_port_c_39a90d8d__prvStartFirstTask 0x080001b5   Thumb Code    28  port.o(.emb_text)
    PendSV_Handler                           0x080001d5   Thumb Code    72  port.o(.emb_text)
    vPortGetIPSR                             0x08000221   Thumb Code     6  port.o(.emb_text)
    Reset_Handler                            0x08000229   Thumb Code     8  startup_stm32f10x_md.o(.text)
    NMI_Handler                              0x08000231   Thumb Code     2  startup_stm32f10x_md.o(.text)
    HardFault_Handler                        0x08000233   Thumb Code     2  startup_stm32f10x_md.o(.text)
    MemManage_Handler                        0x08000235   Thumb Code     2  startup_stm32f10x_md.o(.text)
    BusFault_Handler                         0x08000237   Thumb Code     2  startup_stm32f10x_md.o(.text)
    UsageFault_Handler                       0x08000239   Thumb Code     2  startup_stm32f10x_md.o(.text)
    DebugMon_Handler                         0x0800023d   Thumb Code     2  startup_stm32f10x_md.o(.text)
    ADC1_2_IRQHandler                        0x08000243   Thumb Code     0  startup_stm32f10x_md.o(.text)
    CAN1_RX1_IRQHandler                      0x08000243   Thumb Code     0  startup_stm32f10x_md.o(.text)
    CAN1_SCE_IRQHandler                      0x08000243   Thumb Code     0  startup_stm32f10x_md.o(.text)
    DMA1_Channel1_IRQHandler                 0x08000243   Thumb Code     0  startup_stm32f10x_md.o(.text)
    DMA1_Channel2_IRQHandler                 0x08000243   Thumb Code     0  startup_stm32f10x_md.o(.text)
    DMA1_Channel3_IRQHandler                 0x08000243   Thumb Code     0  startup_stm32f10x_md.o(.text)
    DMA1_Channel4_IRQHandler                 0x08000243   Thumb Code     0  startup_stm32f10x_md.o(.text)
    DMA1_Channel5_IRQHandler                 0x08000243   Thumb Code     0  startup_stm32f10x_md.o(.text)
    DMA1_Channel6_IRQHandler                 0x08000243   Thumb Code     0  startup_stm32f10x_md.o(.text)
    DMA1_Channel7_IRQHandler                 0x08000243   Thumb Code     0  startup_stm32f10x_md.o(.text)
    EXTI0_IRQHandler                         0x08000243   Thumb Code     0  startup_stm32f10x_md.o(.text)
    EXTI15_10_IRQHandler                     0x08000243   Thumb Code     0  startup_stm32f10x_md.o(.text)
    EXTI1_IRQHandler                         0x08000243   Thumb Code     0  startup_stm32f10x_md.o(.text)
    EXTI2_IRQHandler                         0x08000243   Thumb Code     0  startup_stm32f10x_md.o(.text)
    EXTI3_IRQHandler                         0x08000243   Thumb Code     0  startup_stm32f10x_md.o(.text)
    EXTI4_IRQHandler                         0x08000243   Thumb Code     0  startup_stm32f10x_md.o(.text)
    EXTI9_5_IRQHandler                       0x08000243   Thumb Code     0  startup_stm32f10x_md.o(.text)
    FLASH_IRQHandler                         0x08000243   Thumb Code     0  startup_stm32f10x_md.o(.text)
    I2C1_ER_IRQHandler                       0x08000243   Thumb Code     0  startup_stm32f10x_md.o(.text)
    I2C1_EV_IRQHandler                       0x08000243   Thumb Code     0  startup_stm32f10x_md.o(.text)
    I2C2_ER_IRQHandler                       0x08000243   Thumb Code     0  startup_stm32f10x_md.o(.text)
    I2C2_EV_IRQHandler                       0x08000243   Thumb Code     0  startup_stm32f10x_md.o(.text)
    PVD_IRQHandler                           0x08000243   Thumb Code     0  startup_stm32f10x_md.o(.text)
    RCC_IRQHandler                           0x08000243   Thumb Code     0  startup_stm32f10x_md.o(.text)
    RTCAlarm_IRQHandler                      0x08000243   Thumb Code     0  startup_stm32f10x_md.o(.text)
    RTC_IRQHandler                           0x08000243   Thumb Code     0  startup_stm32f10x_md.o(.text)
    SPI1_IRQHandler                          0x08000243   Thumb Code     0  startup_stm32f10x_md.o(.text)
    SPI2_IRQHandler                          0x08000243   Thumb Code     0  startup_stm32f10x_md.o(.text)
    TAMPER_IRQHandler                        0x08000243   Thumb Code     0  startup_stm32f10x_md.o(.text)
    TIM1_BRK_IRQHandler                      0x08000243   Thumb Code     0  startup_stm32f10x_md.o(.text)
    TIM1_CC_IRQHandler                       0x08000243   Thumb Code     0  startup_stm32f10x_md.o(.text)
    TIM1_TRG_COM_IRQHandler                  0x08000243   Thumb Code     0  startup_stm32f10x_md.o(.text)
    TIM1_UP_IRQHandler                       0x08000243   Thumb Code     0  startup_stm32f10x_md.o(.text)
    TIM2_IRQHandler                          0x08000243   Thumb Code     0  startup_stm32f10x_md.o(.text)
    TIM3_IRQHandler                          0x08000243   Thumb Code     0  startup_stm32f10x_md.o(.text)
    TIM4_IRQHandler                          0x08000243   Thumb Code     0  startup_stm32f10x_md.o(.text)
    USART2_IRQHandler                        0x08000243   Thumb Code     0  startup_stm32f10x_md.o(.text)
    USART3_IRQHandler                        0x08000243   Thumb Code     0  startup_stm32f10x_md.o(.text)
    USBWakeUp_IRQHandler                     0x08000243   Thumb Code     0  startup_stm32f10x_md.o(.text)
    USB_HP_CAN1_TX_IRQHandler                0x08000243   Thumb Code     0  startup_stm32f10x_md.o(.text)
    USB_LP_CAN1_RX0_IRQHandler               0x08000243   Thumb Code     0  startup_stm32f10x_md.o(.text)
    WWDG_IRQHandler                          0x08000243   Thumb Code     0  startup_stm32f10x_md.o(.text)
    __user_initial_stackheap                 0x08000245   Thumb Code     0  startup_stm32f10x_md.o(.text)
    __2sprintf                               0x08000269   Thumb Code    34  noretval__2sprintf.o(.text)
    __printf                                 0x08000291   Thumb Code   104  __printf.o(.text)
    _printf_str                              0x080002f9   Thumb Code    82  _printf_str.o(.text)
    strstr                                   0x0800034b   Thumb Code    36  strstr.o(.text)
    strcpy                                   0x0800036f   Thumb Code    72  strcpy.o(.text)
    strlen                                   0x080003b7   Thumb Code    62  strlen.o(.text)
    __aeabi_memcpy                           0x080003f5   Thumb Code     0  rt_memcpy_v6.o(.text)
    __rt_memcpy                              0x080003f5   Thumb Code   138  rt_memcpy_v6.o(.text)
    _memcpy_lastbytes                        0x0800045b   Thumb Code     0  rt_memcpy_v6.o(.text)
    __aeabi_memclr4                          0x0800047f   Thumb Code     0  rt_memclr_w.o(.text)
    __aeabi_memclr8                          0x0800047f   Thumb Code     0  rt_memclr_w.o(.text)
    __rt_memclr_w                            0x0800047f   Thumb Code    78  rt_memclr_w.o(.text)
    _memset_w                                0x08000483   Thumb Code     0  rt_memclr_w.o(.text)
    __use_two_region_memory                  0x080004cd   Thumb Code     2  heapauxi.o(.text)
    __rt_heap_escrow$2region                 0x080004cf   Thumb Code     2  heapauxi.o(.text)
    __rt_heap_expand$2region                 0x080004d1   Thumb Code     2  heapauxi.o(.text)
    _printf_char_common                      0x080004df   Thumb Code    32  _printf_char_common.o(.text)
    _sputc                                   0x08000505   Thumb Code    10  _sputc.o(.text)
    _printf_cs_common                        0x0800050f   Thumb Code    20  _printf_char.o(.text)
    _printf_char                             0x08000523   Thumb Code    16  _printf_char.o(.text)
    _printf_string                           0x08000533   Thumb Code     8  _printf_char.o(.text)
    __aeabi_memcpy4                          0x0800053b   Thumb Code     0  rt_memcpy_w.o(.text)
    __aeabi_memcpy8                          0x0800053b   Thumb Code     0  rt_memcpy_w.o(.text)
    __rt_memcpy_w                            0x0800053b   Thumb Code   100  rt_memcpy_w.o(.text)
    _memcpy_lastbytes_aligned                0x08000583   Thumb Code     0  rt_memcpy_w.o(.text)
    __user_setup_stackheap                   0x0800059f   Thumb Code    74  sys_stackheap_outer.o(.text)
    exit                                     0x080005e9   Thumb Code    18  exit.o(.text)
    __user_libspace                          0x080005fd   Thumb Code     8  libspace.o(.text)
    __user_perproc_libspace                  0x080005fd   Thumb Code     0  libspace.o(.text)
    __user_perthread_libspace                0x080005fd   Thumb Code     0  libspace.o(.text)
    _sys_exit                                0x08000605   Thumb Code     8  sys_exit.o(.text)
    __I$use$semihosting                      0x08000611   Thumb Code     0  use_no_semi.o(.text)
    __use_no_semihosting_swi                 0x08000611   Thumb Code     2  use_no_semi.o(.text)
    __semihosting_library_function           0x08000613   Thumb Code     0  indicate_semi.o(.text)
    CreateTasksAndSetMQTTConnection          0x08000615   Thumb Code   338  mqtt_gprs.o(i.CreateTasksAndSetMQTTConnection)
    DMA_ClearFlag                            0x0800084d   Thumb Code    18  stm32f10x_dma.o(i.DMA_ClearFlag)
    DMA_Cmd                                  0x08000869   Thumb Code    24  stm32f10x_dma.o(i.DMA_Cmd)
    DMA_DeInit                               0x08000881   Thumb Code   324  stm32f10x_dma.o(i.DMA_DeInit)
    DMA_GetFlagStatus                        0x080009cd   Thumb Code    36  stm32f10x_dma.o(i.DMA_GetFlagStatus)
    DMA_Init                                 0x080009f9   Thumb Code    60  stm32f10x_dma.o(i.DMA_Init)
    ExecuteATCommand                         0x08000a35   Thumb Code   132  mqtt_gprs.o(i.ExecuteATCommand)
    GPIO_Init                                0x08000ac9   Thumb Code   278  stm32f10x_gpio.o(i.GPIO_Init)
    GPIO_ReadInputDataBit                    0x08000bdf   Thumb Code    18  stm32f10x_gpio.o(i.GPIO_ReadInputDataBit)
    GPIO_WriteBit                            0x08000bf1   Thumb Code    10  stm32f10x_gpio.o(i.GPIO_WriteBit)
    InitRTOSStructuresToWorkWithMQTT         0x08000bfd   Thumb Code   172  mqtt_gprs.o(i.InitRTOSStructuresToWorkWithMQTT)
    MQTT_CONNECT_string                      0x08000cd1   Thumb Code   100  mqtt_commands.o(i.MQTT_CONNECT_string)
    MQTT_PINGREQ_string                      0x08000d35   Thumb Code    18  mqtt_commands.o(i.MQTT_PINGREQ_string)
    MQTT_PUBLISH_string                      0x08000d47   Thumb Code    78  mqtt_commands.o(i.MQTT_PUBLISH_string)
    MQTT_SUBSCRIBE_string                    0x08000d95   Thumb Code    66  mqtt_commands.o(i.MQTT_SUBSCRIBE_string)
    NVIC_Init                                0x08000dd9   Thumb Code   100  misc.o(i.NVIC_Init)
    NVIC_PriorityGroupConfig                 0x08000e49   Thumb Code    10  misc.o(i.NVIC_PriorityGroupConfig)
    RCC_AHBPeriphClockCmd                    0x08000e5d   Thumb Code    26  stm32f10x_rcc.o(i.RCC_AHBPeriphClockCmd)
    RCC_APB1PeriphClockCmd                   0x08000e7d   Thumb Code    26  stm32f10x_rcc.o(i.RCC_APB1PeriphClockCmd)
    RCC_APB2PeriphClockCmd                   0x08000e9d   Thumb Code    26  stm32f10x_rcc.o(i.RCC_APB2PeriphClockCmd)
    RCC_DeInit                               0x08000ebd   Thumb Code    64  stm32f10x_rcc.o(i.RCC_DeInit)
    RCC_GetClocksFreq                        0x08000f09   Thumb Code   192  stm32f10x_rcc.o(i.RCC_GetClocksFreq)
    RCC_GetFlagStatus                        0x08000fdd   Thumb Code    56  stm32f10x_rcc.o(i.RCC_GetFlagStatus)
    RCC_GetSYSCLKSource                      0x08001019   Thumb Code    10  stm32f10x_rcc.o(i.RCC_GetSYSCLKSource)
    RCC_HCLKConfig                           0x08001029   Thumb Code    18  stm32f10x_rcc.o(i.RCC_HCLKConfig)
    RCC_HSEConfig                            0x08001041   Thumb Code    70  stm32f10x_rcc.o(i.RCC_HSEConfig)
    RCC_HSICmd                               0x0800108d   Thumb Code     6  stm32f10x_rcc.o(i.RCC_HSICmd)
    RCC_PCLK1Config                          0x08001099   Thumb Code    18  stm32f10x_rcc.o(i.RCC_PCLK1Config)
    RCC_PCLK2Config                          0x080010b1   Thumb Code    20  stm32f10x_rcc.o(i.RCC_PCLK2Config)
    RCC_PLLCmd                               0x080010c9   Thumb Code     6  stm32f10x_rcc.o(i.RCC_PLLCmd)
    RCC_PLLConfig                            0x080010d5   Thumb Code    24  stm32f10x_rcc.o(i.RCC_PLLConfig)
    RCC_SYSCLKConfig                         0x080010f1   Thumb Code    18  stm32f10x_rcc.o(i.RCC_SYSCLKConfig)
    RCC_WaitForHSEStartUp                    0x08001109   Thumb Code    56  stm32f10x_rcc.o(i.RCC_WaitForHSEStartUp)
    ResetGreenLED                            0x08001141   Thumb Code    14  leds_and_buttons.o(i.ResetGreenLED)
    ResetOrangeLED                           0x08001155   Thumb Code    14  leds_and_buttons.o(i.ResetOrangeLED)
    ResetRedLED                              0x08001169   Thumb Code    14  leds_and_buttons.o(i.ResetRedLED)
    SIM800_SendStr                           0x0800117d   Thumb Code    22  uart_driver.o(i.SIM800_SendStr)
    SIM800_SendStrWithLen                    0x08001195   Thumb Code   102  uart_driver.o(i.SIM800_SendStrWithLen)
    SendMessageByTCP                         0x08001201   Thumb Code   230  mqtt_gprs.o(i.SendMessageByTCP)
    SendMessageByTCP_With_Wait_Acknowledge   0x08001315   Thumb Code   300  mqtt_gprs.o(i.SendMessageByTCP_With_Wait_Acknowledge)
    SetGreenLED                              0x08001475   Thumb Code    14  leds_and_buttons.o(i.SetGreenLED)
    SetOrangeLED                             0x08001489   Thumb Code    14  leds_and_buttons.o(i.SetOrangeLED)
    SetRedLED                                0x0800149d   Thumb Code    14  leds_and_buttons.o(i.SetRedLED)
    SysTick_Handler                          0x08001599   Thumb Code    46  port.o(i.SysTick_Handler)
    SystemInit                               0x080015cd   Thumb Code    78  system_stm32f10x.o(i.SystemInit)
    USART1_IRQHandler                        0x0800162d   Thumb Code    76  uart_driver.o(i.USART1_IRQHandler)
    USART_ClearITPendingBit                  0x08001685   Thumb Code    30  stm32f10x_usart.o(i.USART_ClearITPendingBit)
    USART_Cmd                                0x080016a3   Thumb Code    24  stm32f10x_usart.o(i.USART_Cmd)
    USART_DMACmd                             0x080016bb   Thumb Code    18  stm32f10x_usart.o(i.USART_DMACmd)
    USART_GetFlagStatus                      0x080016cd   Thumb Code    26  stm32f10x_usart.o(i.USART_GetFlagStatus)
    USART_GetITStatus                        0x080016e7   Thumb Code    84  stm32f10x_usart.o(i.USART_GetITStatus)
    USART_ITConfig                           0x0800173b   Thumb Code    74  stm32f10x_usart.o(i.USART_ITConfig)
    USART_Init                               0x08001785   Thumb Code   210  stm32f10x_usart.o(i.USART_Init)
    USART_ReceiveData                        0x0800185d   Thumb Code    10  stm32f10x_usart.o(i.USART_ReceiveData)
    USART_SendData                           0x08001867   Thumb Code     8  stm32f10x_usart.o(i.USART_SendData)
    USART_init                               0x08001871   Thumb Code   388  uart_driver.o(i.USART_init)
    USB_UART_SendStrWithLen                  0x08001a05   Thumb Code   108  uart_driver.o(i.USB_UART_SendStrWithLen)
    initGPIO                                 0x08001a75   Thumb Code   106  leds_and_buttons.o(i.initGPIO)
    initRCC                                  0x08001aed   Thumb Code    90  main.o(i.initRCC)
    main                                     0x08001b49   Thumb Code    96  main.o(i.main)
    pvPortMalloc                             0x080020a9   Thumb Code   166  heap_2.o(i.pvPortMalloc)
    pxPortInitialiseStack                    0x08002161   Thumb Code    30  port.o(i.pxPortInitialiseStack)
    taskButtonPressSending                   0x08002185   Thumb Code    80  mqtt_gprs.o(i.taskButtonPressSending)
    taskInitSIM800                           0x080021f1   Thumb Code   396  mqtt_gprs.o(i.taskInitSIM800)
    taskLEDBlinkFrequently                   0x080024e9   Thumb Code    22  leds_and_buttons.o(i.taskLEDBlinkFrequently)
    taskLEDBlinkRarely                       0x08002505   Thumb Code    24  leds_and_buttons.o(i.taskLEDBlinkRarely)
    taskMQTTMessageProcessing                0x08002521   Thumb Code    88  mqtt_gprs.o(i.taskMQTTMessageProcessing)
    taskMessageFromSIM800Take                0x080025bd   Thumb Code   540  mqtt_gprs.o(i.taskMessageFromSIM800Take)
    taskSendPINGREQ                          0x08002811   Thumb Code   146  mqtt_gprs.o(i.taskSendPINGREQ)
    taskUart                                 0x080028f1   Thumb Code    60  mqtt_gprs.o(i.taskUart)
    uxListRemove                             0x08002939   Thumb Code    40  list.o(i.uxListRemove)
    vListInitialise                          0x08002961   Thumb Code    26  list.o(i.vListInitialise)
    vListInitialiseItem                      0x0800297b   Thumb Code     6  list.o(i.vListInitialiseItem)
    vListInsert                              0x08002981   Thumb Code    52  list.o(i.vListInsert)
    vListInsertEnd                           0x080029b5   Thumb Code    24  list.o(i.vListInsertEnd)
    vPortEnterCritical                       0x080029cd   Thumb Code    30  port.o(i.vPortEnterCritical)
    vPortExitCritical                        0x080029f1   Thumb Code    28  port.o(i.vPortExitCritical)
    vPortFree                                0x08002a11   Thumb Code    56  heap_2.o(i.vPortFree)
    vPortSetupTimerInterrupt                 0x08002a51   Thumb Code    20  port.o(i.vPortSetupTimerInterrupt)
    vTaskDelay                               0x08002a69   Thumb Code    46  tasks.o(i.vTaskDelay)
    vTaskDelete                              0x08002a9d   Thumb Code   166  tasks.o(i.vTaskDelete)
    vTaskInternalSetTimeOutState             0x08002b69   Thumb Code    14  tasks.o(i.vTaskInternalSetTimeOutState)
    vTaskMissedYield                         0x08002b81   Thumb Code     8  tasks.o(i.vTaskMissedYield)
    vTaskPlaceOnEventList                    0x08002b8d   Thumb Code    28  tasks.o(i.vTaskPlaceOnEventList)
    vTaskStartScheduler                      0x08002bad   Thumb Code    72  tasks.o(i.vTaskStartScheduler)
    vTaskSuspendAll                          0x08002c11   Thumb Code    12  tasks.o(i.vTaskSuspendAll)
    vTaskSwitchContext                       0x08002c21   Thumb Code    76  tasks.o(i.vTaskSwitchContext)
    xPortStartScheduler                      0x08002c81   Thumb Code    42  port.o(i.xPortStartScheduler)
    xQueueGenericCreate                      0x08002cb5   Thumb Code    58  queue.o(i.xQueueGenericCreate)
    xQueueGenericReset                       0x08002cf1   Thumb Code   122  queue.o(i.xQueueGenericReset)
    xQueueGenericSend                        0x08002d71   Thumb Code   276  queue.o(i.xQueueGenericSend)
    xQueueGenericSendFromISR                 0x08002e89   Thumb Code   134  queue.o(i.xQueueGenericSendFromISR)
    xQueueReceive                            0x08002f11   Thumb Code   256  queue.o(i.xQueueReceive)
    xQueueSemaphoreTake                      0x08003015   Thumb Code   234  queue.o(i.xQueueSemaphoreTake)
    xTaskCheckForTimeOut                     0x08003105   Thumb Code    84  tasks.o(i.xTaskCheckForTimeOut)
    xTaskCreate                              0x08003161   Thumb Code    96  tasks.o(i.xTaskCreate)
    xTaskIncrementTick                       0x080031c1   Thumb Code   238  tasks.o(i.xTaskIncrementTick)
    xTaskRemoveFromEventList                 0x080032dd   Thumb Code   104  tasks.o(i.xTaskRemoveFromEventList)
    xTaskResumeAll                           0x0800335d   Thumb Code   196  tasks.o(i.xTaskResumeAll)
    Region$$Table$$Base                      0x08003444   Number         0  anon$$obj.o(Region$$Table)
    Region$$Table$$Limit                     0x08003464   Number         0  anon$$obj.o(Region$$Table)
    usartSendQueueDouble                     0x20000000   Data           4  mqtt_gprs.o(.data)
    AcknowledgeFlag                          0x20000020   Data           1  mqtt_gprs.o(.data)
    taskInitSIM800Handler                    0x20000028   Data           4  mqtt_gprs.o(.data)
    taskMessageFromSIM800TakeHandler         0x2000002c   Data           4  mqtt_gprs.o(.data)
    taskButtonPressSendingHandler            0x20000030   Data           4  mqtt_gprs.o(.data)
    taskMQTTMessageProcessingHandler         0x20000034   Data           4  mqtt_gprs.o(.data)
    taskSendPINGREQHandler                   0x20000038   Data           4  mqtt_gprs.o(.data)
    taskUartHandler                          0x2000003c   Data           4  mqtt_gprs.o(.data)
    taskLEDBlinkRarelyHandler                0x20000040   Data           4  mqtt_gprs.o(.data)
    taskLEDBlinkFrequentlyHandler            0x20000044   Data           4  mqtt_gprs.o(.data)
    usartSendQueue                           0x20000048   Data           4  uart_driver.o(.data)
    pxCurrentTCB                             0x20000050   Data           4  tasks.o(.data)
    rxBufferDouble                           0x200000b8   Data          64  mqtt_gprs.o(.bss)
    rxBufferMQTTDouble                       0x200000f8   Data          64  mqtt_gprs.o(.bss)
    __libspace_start                         0x20004600   Data          96  libspace.o(.bss)
    __temporary_stack_top$libspace           0x20004660   Data           0  libspace.o(.bss)



==============================================================================

Memory Map of the image

  Image Entry point : 0x08000229

  Load Region LR_1 (Base: 0x08000000, Size: 0x0000351c, Max: 0xffffffff, ABSOLUTE)

    Execution Region ER_RO (Base: 0x08000000, Size: 0x00003464, Max: 0xffffffff, ABSOLUTE)

    Base Addr    Size         Type   Attr      Idx    E Section Name        Object

    0x08000000   0x000000ec   Data   RO         1934    RESET               startup_stm32f10x_md.o
    0x080000ec   0x00000008   Code   RO         2029  * !!!main             c_w.l(__main.o)
    0x080000f4   0x00000034   Code   RO         2197    !!!scatter          c_w.l(__scatter.o)
    0x08000128   0x0000001a   Code   RO         2199    !!handler_copy      c_w.l(__scatter_copy.o)
    0x08000142   0x00000002   PAD
    0x08000144   0x0000001c   Code   RO         2201    !!handler_zi        c_w.l(__scatter_zi.o)
    0x08000160   0x00000000   Code   RO         2016    .ARM.Collect$$_printf_percent$$00000000  c_w.l(_printf_percent.o)
    0x08000160   0x00000006   Code   RO         2015    .ARM.Collect$$_printf_percent$$00000014  c_w.l(_printf_s.o)
    0x08000166   0x00000004   Code   RO         2038    .ARM.Collect$$_printf_percent$$00000017  c_w.l(_printf_percent_end.o)
    0x0800016a   0x00000002   Code   RO         2067    .ARM.Collect$$libinit$$00000000  c_w.l(libinit.o)
    0x0800016c   0x00000000   Code   RO         2074    .ARM.Collect$$libinit$$00000002  c_w.l(libinit2.o)
    0x0800016c   0x00000000   Code   RO         2076    .ARM.Collect$$libinit$$00000004  c_w.l(libinit2.o)
    0x0800016c   0x00000000   Code   RO         2079    .ARM.Collect$$libinit$$0000000A  c_w.l(libinit2.o)
    0x0800016c   0x00000000   Code   RO         2081    .ARM.Collect$$libinit$$0000000C  c_w.l(libinit2.o)
    0x0800016c   0x00000000   Code   RO         2083    .ARM.Collect$$libinit$$0000000E  c_w.l(libinit2.o)
    0x0800016c   0x00000000   Code   RO         2086    .ARM.Collect$$libinit$$00000011  c_w.l(libinit2.o)
    0x0800016c   0x00000000   Code   RO         2088    .ARM.Collect$$libinit$$00000013  c_w.l(libinit2.o)
    0x0800016c   0x00000000   Code   RO         2090    .ARM.Collect$$libinit$$00000015  c_w.l(libinit2.o)
    0x0800016c   0x00000000   Code   RO         2092    .ARM.Collect$$libinit$$00000017  c_w.l(libinit2.o)
    0x0800016c   0x00000000   Code   RO         2094    .ARM.Collect$$libinit$$00000019  c_w.l(libinit2.o)
    0x0800016c   0x00000000   Code   RO         2096    .ARM.Collect$$libinit$$0000001B  c_w.l(libinit2.o)
    0x0800016c   0x00000000   Code   RO         2098    .ARM.Collect$$libinit$$0000001D  c_w.l(libinit2.o)
    0x0800016c   0x00000000   Code   RO         2100    .ARM.Collect$$libinit$$0000001F  c_w.l(libinit2.o)
    0x0800016c   0x00000000   Code   RO         2102    .ARM.Collect$$libinit$$00000021  c_w.l(libinit2.o)
    0x0800016c   0x00000000   Code   RO         2104    .ARM.Collect$$libinit$$00000023  c_w.l(libinit2.o)
    0x0800016c   0x00000000   Code   RO         2106    .ARM.Collect$$libinit$$00000025  c_w.l(libinit2.o)
    0x0800016c   0x00000000   Code   RO         2110    .ARM.Collect$$libinit$$0000002C  c_w.l(libinit2.o)
    0x0800016c   0x00000000   Code   RO         2112    .ARM.Collect$$libinit$$0000002E  c_w.l(libinit2.o)
    0x0800016c   0x00000000   Code   RO         2114    .ARM.Collect$$libinit$$00000030  c_w.l(libinit2.o)
    0x0800016c   0x00000000   Code   RO         2116    .ARM.Collect$$libinit$$00000032  c_w.l(libinit2.o)
    0x0800016c   0x00000002   Code   RO         2117    .ARM.Collect$$libinit$$00000033  c_w.l(libinit2.o)
    0x0800016e   0x00000002   Code   RO         2137    .ARM.Collect$$libshutdown$$00000000  c_w.l(libshutdown.o)
    0x08000170   0x00000000   Code   RO         2150    .ARM.Collect$$libshutdown$$00000002  c_w.l(libshutdown2.o)
    0x08000170   0x00000000   Code   RO         2152    .ARM.Collect$$libshutdown$$00000004  c_w.l(libshutdown2.o)
    0x08000170   0x00000000   Code   RO         2155    .ARM.Collect$$libshutdown$$00000007  c_w.l(libshutdown2.o)
    0x08000170   0x00000000   Code   RO         2158    .ARM.Collect$$libshutdown$$0000000A  c_w.l(libshutdown2.o)
    0x08000170   0x00000000   Code   RO         2160    .ARM.Collect$$libshutdown$$0000000C  c_w.l(libshutdown2.o)
    0x08000170   0x00000000   Code   RO         2163    .ARM.Collect$$libshutdown$$0000000F  c_w.l(libshutdown2.o)
    0x08000170   0x00000002   Code   RO         2164    .ARM.Collect$$libshutdown$$00000010  c_w.l(libshutdown2.o)
    0x08000172   0x00000000   Code   RO         2031    .ARM.Collect$$rtentry$$00000000  c_w.l(__rtentry.o)
    0x08000172   0x00000000   Code   RO         2042    .ARM.Collect$$rtentry$$00000002  c_w.l(__rtentry2.o)
    0x08000172   0x00000006   Code   RO         2054    .ARM.Collect$$rtentry$$00000004  c_w.l(__rtentry4.o)
    0x08000178   0x00000000   Code   RO         2044    .ARM.Collect$$rtentry$$00000009  c_w.l(__rtentry2.o)
    0x08000178   0x00000004   Code   RO         2045    .ARM.Collect$$rtentry$$0000000A  c_w.l(__rtentry2.o)
    0x0800017c   0x00000000   Code   RO         2047    .ARM.Collect$$rtentry$$0000000C  c_w.l(__rtentry2.o)
    0x0800017c   0x00000008   Code   RO         2048    .ARM.Collect$$rtentry$$0000000D  c_w.l(__rtentry2.o)
    0x08000184   0x00000002   Code   RO         2071    .ARM.Collect$$rtexit$$00000000  c_w.l(rtexit.o)
    0x08000186   0x00000000   Code   RO         2119    .ARM.Collect$$rtexit$$00000002  c_w.l(rtexit2.o)
    0x08000186   0x00000004   Code   RO         2120    .ARM.Collect$$rtexit$$00000003  c_w.l(rtexit2.o)
    0x0800018a   0x00000006   Code   RO         2121    .ARM.Collect$$rtexit$$00000004  c_w.l(rtexit2.o)
    0x08000190   0x00000096   Code   RO          590    .emb_text           port.o
    0x08000226   0x00000002   PAD
    0x08000228   0x00000040   Code   RO         1935  * .text               startup_stm32f10x_md.o
    0x08000268   0x00000028   Code   RO         1989    .text               c_w.l(noretval__2sprintf.o)
    0x08000290   0x00000068   Code   RO         1991    .text               c_w.l(__printf.o)
    0x080002f8   0x00000052   Code   RO         1993    .text               c_w.l(_printf_str.o)
    0x0800034a   0x00000024   Code   RO         2017    .text               c_w.l(strstr.o)
    0x0800036e   0x00000048   Code   RO         2019    .text               c_w.l(strcpy.o)
    0x080003b6   0x0000003e   Code   RO         2021    .text               c_w.l(strlen.o)
    0x080003f4   0x0000008a   Code   RO         2023    .text               c_w.l(rt_memcpy_v6.o)
    0x0800047e   0x0000004e   Code   RO         2025    .text               c_w.l(rt_memclr_w.o)
    0x080004cc   0x00000006   Code   RO         2027    .text               c_w.l(heapauxi.o)
    0x080004d2   0x00000002   PAD
    0x080004d4   0x00000030   Code   RO         2032    .text               c_w.l(_printf_char_common.o)
    0x08000504   0x0000000a   Code   RO         2034    .text               c_w.l(_sputc.o)
    0x0800050e   0x0000002c   Code   RO         2036    .text               c_w.l(_printf_char.o)
    0x0800053a   0x00000064   Code   RO         2039    .text               c_w.l(rt_memcpy_w.o)
    0x0800059e   0x0000004a   Code   RO         2058    .text               c_w.l(sys_stackheap_outer.o)
    0x080005e8   0x00000012   Code   RO         2060    .text               c_w.l(exit.o)
    0x080005fa   0x00000002   PAD
    0x080005fc   0x00000008   Code   RO         2068    .text               c_w.l(libspace.o)
    0x08000604   0x0000000c   Code   RO         2129    .text               c_w.l(sys_exit.o)
    0x08000610   0x00000002   Code   RO         2140    .text               c_w.l(use_no_semi.o)
    0x08000612   0x00000000   Code   RO         2142    .text               c_w.l(indicate_semi.o)
    0x08000612   0x00000002   PAD
    0x08000614   0x00000238   Code   RO          190    i.CreateTasksAndSetMQTTConnection  mqtt_gprs.o
    0x0800084c   0x0000001c   Code   RO         1321    i.DMA_ClearFlag     stm32f10x_dma.o
    0x08000868   0x00000018   Code   RO         1323    i.DMA_Cmd           stm32f10x_dma.o
    0x08000880   0x0000014c   Code   RO         1324    i.DMA_DeInit        stm32f10x_dma.o
    0x080009cc   0x0000002c   Code   RO         1326    i.DMA_GetFlagStatus  stm32f10x_dma.o
    0x080009f8   0x0000003c   Code   RO         1329    i.DMA_Init          stm32f10x_dma.o
    0x08000a34   0x00000094   Code   RO          191    i.ExecuteATCommand  mqtt_gprs.o
    0x08000ac8   0x00000116   Code   RO         1411    i.GPIO_Init         stm32f10x_gpio.o
    0x08000bde   0x00000012   Code   RO         1415    i.GPIO_ReadInputDataBit  stm32f10x_gpio.o
    0x08000bf0   0x0000000a   Code   RO         1422    i.GPIO_WriteBit     stm32f10x_gpio.o
    0x08000bfa   0x00000002   PAD
    0x08000bfc   0x000000d4   Code   RO          192    i.InitRTOSStructuresToWorkWithMQTT  mqtt_gprs.o
    0x08000cd0   0x00000064   Code   RO          145    i.MQTT_CONNECT_string  mqtt_commands.o
    0x08000d34   0x00000012   Code   RO          147    i.MQTT_PINGREQ_string  mqtt_commands.o
    0x08000d46   0x0000004e   Code   RO          148    i.MQTT_PUBLISH_string  mqtt_commands.o
    0x08000d94   0x00000042   Code   RO          149    i.MQTT_SUBSCRIBE_string  mqtt_commands.o
    0x08000dd6   0x00000002   PAD
    0x08000dd8   0x00000070   Code   RO         1273    i.NVIC_Init         misc.o
    0x08000e48   0x00000014   Code   RO         1274    i.NVIC_PriorityGroupConfig  misc.o
    0x08000e5c   0x00000020   Code   RO         1532    i.RCC_AHBPeriphClockCmd  stm32f10x_rcc.o
    0x08000e7c   0x00000020   Code   RO         1533    i.RCC_APB1PeriphClockCmd  stm32f10x_rcc.o
    0x08000e9c   0x00000020   Code   RO         1535    i.RCC_APB2PeriphClockCmd  stm32f10x_rcc.o
    0x08000ebc   0x0000004c   Code   RO         1542    i.RCC_DeInit        stm32f10x_rcc.o
    0x08000f08   0x000000d4   Code   RO         1543    i.RCC_GetClocksFreq  stm32f10x_rcc.o
    0x08000fdc   0x0000003c   Code   RO         1544    i.RCC_GetFlagStatus  stm32f10x_rcc.o
    0x08001018   0x00000010   Code   RO         1546    i.RCC_GetSYSCLKSource  stm32f10x_rcc.o
    0x08001028   0x00000018   Code   RO         1547    i.RCC_HCLKConfig    stm32f10x_rcc.o
    0x08001040   0x0000004c   Code   RO         1548    i.RCC_HSEConfig     stm32f10x_rcc.o
    0x0800108c   0x0000000c   Code   RO         1549    i.RCC_HSICmd        stm32f10x_rcc.o
    0x08001098   0x00000018   Code   RO         1554    i.RCC_PCLK1Config   stm32f10x_rcc.o
    0x080010b0   0x00000018   Code   RO         1555    i.RCC_PCLK2Config   stm32f10x_rcc.o
    0x080010c8   0x0000000c   Code   RO         1556    i.RCC_PLLCmd        stm32f10x_rcc.o
    0x080010d4   0x0000001c   Code   RO         1557    i.RCC_PLLConfig     stm32f10x_rcc.o
    0x080010f0   0x00000018   Code   RO         1560    i.RCC_SYSCLKConfig  stm32f10x_rcc.o
    0x08001108   0x00000038   Code   RO         1562    i.RCC_WaitForHSEStartUp  stm32f10x_rcc.o
    0x08001140   0x00000014   Code   RO          354    i.ResetGreenLED     leds_and_buttons.o
    0x08001154   0x00000014   Code   RO          355    i.ResetOrangeLED    leds_and_buttons.o
    0x08001168   0x00000014   Code   RO          356    i.ResetRedLED       leds_and_buttons.o
    0x0800117c   0x00000016   Code   RO          284    i.SIM800_SendStr    uart_driver.o
    0x08001192   0x00000002   PAD
    0x08001194   0x0000006c   Code   RO          285    i.SIM800_SendStrWithLen  uart_driver.o
    0x08001200   0x00000114   Code   RO          193    i.SendMessageByTCP  mqtt_gprs.o
    0x08001314   0x00000160   Code   RO          194    i.SendMessageByTCP_With_Wait_Acknowledge  mqtt_gprs.o
    0x08001474   0x00000014   Code   RO          357    i.SetGreenLED       leds_and_buttons.o
    0x08001488   0x00000014   Code   RO          358    i.SetOrangeLED      leds_and_buttons.o
    0x0800149c   0x00000014   Code   RO          359    i.SetRedLED         leds_and_buttons.o
    0x080014b0   0x00000008   Code   RO         1942    i.SetSysClock       system_stm32f10x.o
    0x080014b8   0x000000e0   Code   RO         1943    i.SetSysClockTo72   system_stm32f10x.o
    0x08001598   0x00000034   Code   RO          591    i.SysTick_Handler   port.o
    0x080015cc   0x00000060   Code   RO         1945    i.SystemInit        system_stm32f10x.o
    0x0800162c   0x00000058   Code   RO          286    i.USART1_IRQHandler  uart_driver.o
    0x08001684   0x0000001e   Code   RO         1744    i.USART_ClearITPendingBit  stm32f10x_usart.o
    0x080016a2   0x00000018   Code   RO         1747    i.USART_Cmd         stm32f10x_usart.o
    0x080016ba   0x00000012   Code   RO         1748    i.USART_DMACmd      stm32f10x_usart.o
    0x080016cc   0x0000001a   Code   RO         1750    i.USART_GetFlagStatus  stm32f10x_usart.o
    0x080016e6   0x00000054   Code   RO         1751    i.USART_GetITStatus  stm32f10x_usart.o
    0x0800173a   0x0000004a   Code   RO         1753    i.USART_ITConfig    stm32f10x_usart.o
    0x08001784   0x000000d8   Code   RO         1754    i.USART_Init        stm32f10x_usart.o
    0x0800185c   0x0000000a   Code   RO         1761    i.USART_ReceiveData  stm32f10x_usart.o
    0x08001866   0x00000008   Code   RO         1764    i.USART_SendData    stm32f10x_usart.o
    0x0800186e   0x00000002   PAD
    0x08001870   0x00000194   Code   RO          287    i.USART_init        uart_driver.o
    0x08001a04   0x00000070   Code   RO          288    i.USB_UART_SendStrWithLen  uart_driver.o
    0x08001a74   0x00000078   Code   RO          360    i.initGPIO          leds_and_buttons.o
    0x08001aec   0x0000005a   Code   RO            4    i.initRCC           main.o
    0x08001b46   0x00000002   PAD
    0x08001b48   0x000000ac   Code   RO            5    i.main              main.o
    0x08001bf4   0x00000098   Code   RO          800    i.prvAddCurrentTaskToDelayedList  tasks.o
    0x08001c8c   0x000000b4   Code   RO          801    i.prvAddNewTaskToReadyList  tasks.o
    0x08001d40   0x00000048   Code   RO          802    i.prvCheckTasksWaitingTermination  tasks.o
    0x08001d88   0x0000002a   Code   RO          661    i.prvCopyDataFromQueue  queue.o
    0x08001db2   0x0000006a   Code   RO          662    i.prvCopyDataToQueue  queue.o
    0x08001e1c   0x00000012   Code   RO          803    i.prvDeleteTCB      tasks.o
    0x08001e2e   0x00000002   PAD
    0x08001e30   0x00000038   Code   RO         1094    i.prvHeapInit       heap_2.o
    0x08001e68   0x00000028   Code   RO          804    i.prvIdleTask       tasks.o
    0x08001e90   0x00000026   Code   RO          663    i.prvInitialiseNewQueue  queue.o
    0x08001eb6   0x0000008a   Code   RO          805    i.prvInitialiseNewTask  tasks.o
    0x08001f40   0x00000068   Code   RO          806    i.prvInitialiseTaskLists  tasks.o
    0x08001fa8   0x0000001a   Code   RO          664    i.prvIsQueueEmpty   queue.o
    0x08001fc2   0x0000001e   Code   RO          665    i.prvIsQueueFull    queue.o
    0x08001fe0   0x00000034   Code   RO          807    i.prvResetNextTaskUnblockTime  tasks.o
    0x08002014   0x00000016   Code   RO          592    i.prvTaskExitError  port.o
    0x0800202a   0x0000007e   Code   RO          666    i.prvUnlockQueue    queue.o
    0x080020a8   0x000000b8   Code   RO         1095    i.pvPortMalloc      heap_2.o
    0x08002160   0x00000024   Code   RO          593    i.pxPortInitialiseStack  port.o
    0x08002184   0x0000006c   Code   RO          195    i.taskButtonPressSending  mqtt_gprs.o
    0x080021f0   0x000002f8   Code   RO          196    i.taskInitSIM800    mqtt_gprs.o
    0x080024e8   0x0000001c   Code   RO          361    i.taskLEDBlinkFrequently  leds_and_buttons.o
    0x08002504   0x0000001c   Code   RO          362    i.taskLEDBlinkRarely  leds_and_buttons.o
    0x08002520   0x0000009c   Code   RO          197    i.taskMQTTMessageProcessing  mqtt_gprs.o
    0x080025bc   0x00000254   Code   RO          198    i.taskMessageFromSIM800Take  mqtt_gprs.o
    0x08002810   0x000000e0   Code   RO          199    i.taskSendPINGREQ   mqtt_gprs.o
    0x080028f0   0x00000048   Code   RO          200    i.taskUart          mqtt_gprs.o
    0x08002938   0x00000028   Code   RO          551    i.uxListRemove      list.o
    0x08002960   0x0000001a   Code   RO          552    i.vListInitialise   list.o
    0x0800297a   0x00000006   Code   RO          553    i.vListInitialiseItem  list.o
    0x08002980   0x00000034   Code   RO          554    i.vListInsert       list.o
    0x080029b4   0x00000018   Code   RO          555    i.vListInsertEnd    list.o
    0x080029cc   0x00000024   Code   RO          595    i.vPortEnterCritical  port.o
    0x080029f0   0x00000020   Code   RO          596    i.vPortExitCritical  port.o
    0x08002a10   0x00000040   Code   RO         1096    i.vPortFree         heap_2.o
    0x08002a50   0x00000018   Code   RO          597    i.vPortSetupTimerInterrupt  port.o
    0x08002a68   0x00000034   Code   RO          814    i.vTaskDelay        tasks.o
    0x08002a9c   0x000000cc   Code   RO          816    i.vTaskDelete       tasks.o
    0x08002b68   0x00000018   Code   RO          818    i.vTaskInternalSetTimeOutState  tasks.o
    0x08002b80   0x0000000c   Code   RO          819    i.vTaskMissedYield  tasks.o
    0x08002b8c   0x00000020   Code   RO          821    i.vTaskPlaceOnEventList  tasks.o
    0x08002bac   0x00000064   Code   RO          827    i.vTaskStartScheduler  tasks.o
    0x08002c10   0x00000010   Code   RO          829    i.vTaskSuspendAll   tasks.o
    0x08002c20   0x00000060   Code   RO          830    i.vTaskSwitchContext  tasks.o
    0x08002c80   0x00000034   Code   RO          598    i.xPortStartScheduler  port.o
    0x08002cb4   0x0000003a   Code   RO          671    i.xQueueGenericCreate  queue.o
    0x08002cee   0x00000002   PAD
    0x08002cf0   0x00000080   Code   RO          672    i.xQueueGenericReset  queue.o
    0x08002d70   0x00000118   Code   RO          673    i.xQueueGenericSend  queue.o
    0x08002e88   0x00000086   Code   RO          674    i.xQueueGenericSendFromISR  queue.o
    0x08002f0e   0x00000002   PAD
    0x08002f10   0x00000104   Code   RO          680    i.xQueueReceive     queue.o
    0x08003014   0x000000f0   Code   RO          682    i.xQueueSemaphoreTake  queue.o
    0x08003104   0x0000005c   Code   RO          831    i.xTaskCheckForTimeOut  tasks.o
    0x08003160   0x00000060   Code   RO          832    i.xTaskCreate       tasks.o
    0x080031c0   0x0000011c   Code   RO          838    i.xTaskIncrementTick  tasks.o
    0x080032dc   0x00000080   Code   RO          841    i.xTaskRemoveFromEventList  tasks.o
    0x0800335c   0x000000e8   Code   RO          842    i.xTaskResumeAll    tasks.o
    0x08003444   0x00000020   Data   RO         2195    Region$$Table       anon$$obj.o


    Execution Region ER_RW (Base: 0x20000000, Size: 0x000000b8, Max: 0xffffffff, ABSOLUTE)

    Base Addr    Size         Type   Attr      Idx    E Section Name        Object

    0x20000000   0x00000048   Data   RW          202    .data               mqtt_gprs.o
    0x20000048   0x00000004   Data   RW          289    .data               uart_driver.o
    0x2000004c   0x00000004   Data   RW          599    .data               port.o
    0x20000050   0x0000003c   Data   RW          845    .data               tasks.o
    0x2000008c   0x00000018   Data   RW         1100    .data               heap_2.o
    0x200000a4   0x00000014   Data   RW         1563    .data               stm32f10x_rcc.o


    Execution Region ER_ZI (Base: 0x200000b8, Size: 0x00004ba8, Max: 0xffffffff, ABSOLUTE)

    Base Addr    Size         Type   Attr      Idx    E Section Name        Object

    0x200000b8   0x00000080   Zero   RW          201    .bss                mqtt_gprs.o
    0x20000138   0x000000c8   Zero   RW          844    .bss                tasks.o
    0x20000200   0x00004400   Zero   RW         1099    .bss                heap_2.o
    0x20004600   0x00000060   Zero   RW         2069    .bss                c_w.l(libspace.o)
    0x20004660   0x00000200   Zero   RW         1933    HEAP                startup_stm32f10x_md.o
    0x20004860   0x00000400   Zero   RW         1932    STACK               startup_stm32f10x_md.o


==============================================================================

Image component sizes


      Code (inc. data)   RO Data    RW Data    ZI Data      Debug   Object Name

         0          0          0          0          0       7180   croutine.o
         0          0          0          0          0       9536   event_groups.o
       304         40          0         24      17408       3435   heap_2.o
       296         60          0          0          0       4337   leds_and_buttons.o
       148          0          0          0          0       3078   list.o
       262         76          0          0          0     255270   main.o
       132         22          0          0          0       1691   misc.o
       262          0          0          0          0       2842   mqtt_commands.o
      3472        990          0         72        128      12593   mqtt_gprs.o
       404         48          0          4          0       8588   port.o
      1468         20          0          0          0      13480   queue.o
        64         26        236          0       1536        816   startup_stm32f10x_md.o
       488         26          0          0          0       4794   stm32f10x_dma.o
       306          0          0          0          0       3352   stm32f10x_gpio.o
       740        104          0         20          0      12211   stm32f10x_rcc.o
       490          6          0          0          0       7786   stm32f10x_usart.o
       328         28          0          0          0       2093   system_stm32f10x.o
      2124        350          0         60        200      24979   tasks.o
       734         38          0          4          0       4425   uart_driver.o

    ----------------------------------------------------------------------
     12040       1834        268        184      19272     382486   Object Totals
         0          0         32          0          0          0   (incl. Generated)
        18          0          0          0          0          0   (incl. Padding)

    ----------------------------------------------------------------------

      Code (inc. data)   RO Data    RW Data    ZI Data      Debug   Library Member Name

         8          0          0          0          0         68   __main.o
       104          0          0          0          0         84   __printf.o
         0          0          0          0          0          0   __rtentry.o
        12          0          0          0          0          0   __rtentry2.o
         6          0          0          0          0          0   __rtentry4.o
        52          8          0          0          0          0   __scatter.o
        26          0          0          0          0          0   __scatter_copy.o
        28          0          0          0          0          0   __scatter_zi.o
        44          0          0          0          0        108   _printf_char.o
        48          6          0          0          0         96   _printf_char_common.o
         0          0          0          0          0          0   _printf_percent.o
         4          0          0          0          0          0   _printf_percent_end.o
         6          0          0          0          0          0   _printf_s.o
        82          0          0          0          0         80   _printf_str.o
        10          0          0          0          0         68   _sputc.o
        18          0          0          0          0         80   exit.o
         6          0          0          0          0        152   heapauxi.o
         0          0          0          0          0          0   indicate_semi.o
         2          0          0          0          0          0   libinit.o
         2          0          0          0          0          0   libinit2.o
         2          0          0          0          0          0   libshutdown.o
         2          0          0          0          0          0   libshutdown2.o
         8          4          0          0         96         68   libspace.o
        40          6          0          0          0         84   noretval__2sprintf.o
        78          0          0          0          0         80   rt_memclr_w.o
       138          0          0          0          0         68   rt_memcpy_v6.o
       100          0          0          0          0         80   rt_memcpy_w.o
         2          0          0          0          0          0   rtexit.o
        10          0          0          0          0          0   rtexit2.o
        72          0          0          0          0         80   strcpy.o
        62          0          0          0          0         76   strlen.o
        36          0          0          0          0         80   strstr.o
        12          4          0          0          0         68   sys_exit.o
        74          0          0          0          0         80   sys_stackheap_outer.o
         2          0          0          0          0         68   use_no_semi.o

    ----------------------------------------------------------------------
      1104         28          0          0         96       1568   Library Totals
         8          0          0          0          0          0   (incl. Padding)

    ----------------------------------------------------------------------

      Code (inc. data)   RO Data    RW Data    ZI Data      Debug   Library Name

      1096         28          0          0         96       1568   c_w.l

    ----------------------------------------------------------------------
      1104         28          0          0         96       1568   Library Totals

    ----------------------------------------------------------------------

==============================================================================


      Code (inc. data)   RO Data    RW Data    ZI Data      Debug   

     13144       1862        268        184      19368     377342   Grand Totals
     13144       1862        268        184      19368     377342   ELF Image Totals
     13144       1862        268        184          0          0   ROM Totals

==============================================================================

    Total RO  Size (Code + RO Data)                13412 (  13.10kB)
    Total RW  Size (RW Data + ZI Data)             19552 (  19.09kB)
    Total ROM Size (Code + RO Data + RW Data)      13596 (  13.28kB)

==============================================================================

